---
http_interactions:
- request:
    method: get
    uri: http://ohanapi.herokuapp.com/api/locations/admin-test-location?api_token=<API_TOKEN>
    body:
      encoding: US-ASCII
      string: ''
    headers:
      Accept:
      - application/vnd.ohanapi-v1+json
      User-Agent:
      - Ohanakapa Ruby Gem 1.0.0
      X-Api-Token:
      - <API_TOKEN>
      Accept-Encoding:
      - gzip;q=1.0,deflate;q=0.6,identity;q=0.3
  response:
    status:
      code: 200
      message: OK
    headers:
      Cache-Control:
      - max-age=0, private, must-revalidate
      Content-Type:
      - application/json
      Date:
      - Mon, 04 Nov 2013 08:20:11 GMT
      Etag:
      - '"eaaa5f27ce5ecb8ea9175b8757cfe520"'
      Status:
      - 200 OK
      X-Rack-Cache:
      - miss
      X-Ratelimit-Limit:
      - '5000'
      X-Ratelimit-Remaining:
      - '4641'
      X-Request-Id:
      - 1ce1a47320e9964d23c08bd3e501fc89
      X-Runtime:
      - '0.027901'
      X-Ua-Compatible:
      - IE=Edge,chrome=1
      Content-Length:
      - '1327'
      Connection:
      - keep-alive
    body:
      encoding: UTF-8
      string: '{"id":"52733b05fafbf0a01a000001","accessibility":["Disabled Restroom"],"address":{"street":"bozo","city":"fairfax","state":"va","zip":"12345"},"contacts":[{"id":"527758a837f9ba0a47000008","name":"Moncef","title":"Director","phone":"703-555-1212","email":"email@email.org","fax":"703-555-1234"}],"coordinates":[-73.9395687,42.8142432],"description":"This
        is a description","emails":["eml@example.org"],"faxes":[{"number":"2025551212","department":"CalFresh"}],"kind":"Test","name":"Admin
        Test Location","phones":[{"number":"7035551212","vanity_number":"703555-ABCD","extension":"x1223","department":"CalFresh"}],"short_desc":"This
        is a short description","slugs":["job-training-and-placement-program-1","admin-test-location"],"transportation":"SAMTRANS
        stops within 1/2 mile.","updated_at":"2013-11-04T00:19:52-08:00","urls":["http://codeforamerica.org"],"url":"http://ohanapi.herokuapp.com/api/locations/52733b05fafbf0a01a000001","services":[{"id":"52733ce076ac6ae977000002","name":"huzzah","updated_at":"2013-10-31T22:50:38-07:00"}],"organization":{"id":"527334e4456acab967000002","name":"Admin
        Test Org","slugs":["jobtrain-1","admin-test-org"],"url":"http://ohanapi.herokuapp.com/api/organizations/527334e4456acab967000002","locations_url":"http://ohanapi.herokuapp.com/api/organizations/527334e4456acab967000002/locations"}}'
    http_version: 
  recorded_at: Mon, 04 Nov 2013 08:20:15 GMT
- request:
    method: delete
    uri: http://ohanapi.herokuapp.com/api/services/52733ce076ac6ae977000002/keywords?api_token=<API_TOKEN>
    body:
      encoding: UTF-8
      string: '{}'
    headers:
      Accept:
      - application/vnd.ohanapi-v1+json
      User-Agent:
      - Ohanakapa Ruby Gem 1.0.0
      X-Api-Token:
      - <API_TOKEN>
      Accept-Encoding:
      - gzip;q=1.0,deflate;q=0.6,identity;q=0.3
  response:
    status:
      code: 200
      message: OK
    headers:
      Cache-Control:
      - max-age=0, private, must-revalidate
      Content-Type:
      - application/json
      Date:
      - Mon, 04 Nov 2013 08:20:12 GMT
      Etag:
      - '"97279b1fa94255bbbb4ee85fabc552f2"'
      Status:
      - 200 OK
      X-Rack-Cache:
      - invalidate, pass
      X-Ratelimit-Limit:
      - '5000'
      X-Ratelimit-Remaining:
      - '4640'
      X-Request-Id:
      - 88034eb32d8ceeb7a051eff4bdbfb07e
      X-Runtime:
      - '0.680632'
      X-Ua-Compatible:
      - IE=Edge,chrome=1
      Content-Length:
      - '377'
      Connection:
      - keep-alive
    body:
      encoding: UTF-8
      string: '{"_id":"52733ce076ac6ae977000002","audience":null,"category_ids":[],"created_at":"2013-10-31T22:32:16-07:00","description":null,"eligibility":null,"fees":null,"funding_sources":null,"how_to_apply":null,"keywords":[],"location_id":"52733b05fafbf0a01a000001","name":"huzzah","service_areas":null,"short_desc":null,"updated_at":"2013-10-31T22:50:38-07:00","urls":null,"wait":null}'
    http_version: 
  recorded_at: Mon, 04 Nov 2013 08:20:16 GMT
- request:
    method: put
    uri: http://ohanapi.herokuapp.com/api/locations/52733b05fafbf0a01a000001?accessibility%5B0%5D=restroom&address%5Bcity%5D=fairfax&address%5Bstate%5D=va&address%5Bstreet%5D=bozo&address%5Bzip%5D=12345&api_token=<API_TOKEN>&contacts%5Bemail%5D=email@email.org&contacts%5Bfax%5D=703-555-1234&contacts%5Bname%5D=Moncef&contacts%5Bphone%5D=703-555-1212&contacts%5Btitle%5D=Director&description=%0AThis%20is%20a%20description&emails%5B0%5D=eml@example.org&faxes%5Bdepartment%5D=CalFresh&faxes%5Bnumber%5D=2025551212&kind=test&mail_address&name=Admin%20Test%20Location&phones%5Bdepartment%5D=CalFresh&phones%5Bextension%5D=x1223&phones%5Bnumber%5D=7035551212&phones%5Bvanity_number%5D=703555-ABCD&short_desc=%0AThis%20is%20a%20short%20description&transportation=%0ASAMTRANS%20stops%20within%201/2%20mile.&urls%5B0%5D=
    body:
      encoding: UTF-8
      string: '{}'
    headers:
      Accept:
      - application/vnd.ohanapi-v1+json
      User-Agent:
      - Ohanakapa Ruby Gem 1.0.0
      X-Api-Token:
      - <API_TOKEN>
      Accept-Encoding:
      - gzip;q=1.0,deflate;q=0.6,identity;q=0.3
  response:
    status:
      code: 400
      message: Bad Request
    headers:
      Cache-Control:
      - no-cache
      Content-Type:
      - application/json
      Date:
      - Mon, 04 Nov 2013 08:20:13 GMT
      Status:
      - 400 Bad Request
      X-Rack-Cache:
      - invalidate, pass
      X-Ratelimit-Limit:
      - '5000'
      X-Ratelimit-Remaining:
      - '4639'
      X-Request-Id:
      - 52a3b63abebfd5f3df911b41a1595422
      X-Runtime:
      - '0.066891'
      X-Ua-Compatible:
      - IE=Edge,chrome=1
      Content-Length:
      - '216'
      Connection:
      - keep-alive
    body:
      encoding: UTF-8
      string: '{"message":"\nProblem:\n  Validation of Location failed.\nSummary:\n  The
        following errors were found: Urls  is not a valid URL\nResolution:\n  Try
        persisting the document with valid data or remove the validations."}'
    http_version: 
  recorded_at: Mon, 04 Nov 2013 08:20:17 GMT
- request:
    method: get
    uri: http://ohanapi.herokuapp.com/api/locations/admin-test-location?api_token=<API_TOKEN>
    body:
      encoding: US-ASCII
      string: ''
    headers:
      Accept:
      - application/vnd.ohanapi-v1+json
      User-Agent:
      - Ohanakapa Ruby Gem 1.0.0
      X-Api-Token:
      - <API_TOKEN>
      Accept-Encoding:
      - gzip;q=1.0,deflate;q=0.6,identity;q=0.3
  response:
    status:
      code: 200
      message: OK
    headers:
      Cache-Control:
      - max-age=0, private, must-revalidate
      Content-Type:
      - application/json
      Date:
      - Mon, 04 Nov 2013 08:20:13 GMT
      Etag:
      - '"eaaa5f27ce5ecb8ea9175b8757cfe520"'
      Status:
      - 200 OK
      X-Rack-Cache:
      - miss
      X-Ratelimit-Limit:
      - '5000'
      X-Ratelimit-Remaining:
      - '4638'
      X-Request-Id:
      - 59d070218aac0e6f6e2507fde28bff38
      X-Runtime:
      - '0.026092'
      X-Ua-Compatible:
      - IE=Edge,chrome=1
      Content-Length:
      - '1327'
      Connection:
      - keep-alive
    body:
      encoding: UTF-8
      string: '{"id":"52733b05fafbf0a01a000001","accessibility":["Disabled Restroom"],"address":{"street":"bozo","city":"fairfax","state":"va","zip":"12345"},"contacts":[{"id":"527758a837f9ba0a47000008","name":"Moncef","title":"Director","phone":"703-555-1212","email":"email@email.org","fax":"703-555-1234"}],"coordinates":[-73.9395687,42.8142432],"description":"This
        is a description","emails":["eml@example.org"],"faxes":[{"number":"2025551212","department":"CalFresh"}],"kind":"Test","name":"Admin
        Test Location","phones":[{"number":"7035551212","vanity_number":"703555-ABCD","extension":"x1223","department":"CalFresh"}],"short_desc":"This
        is a short description","slugs":["job-training-and-placement-program-1","admin-test-location"],"transportation":"SAMTRANS
        stops within 1/2 mile.","updated_at":"2013-11-04T00:19:52-08:00","urls":["http://codeforamerica.org"],"url":"http://ohanapi.herokuapp.com/api/locations/52733b05fafbf0a01a000001","services":[{"id":"52733ce076ac6ae977000002","name":"huzzah","updated_at":"2013-10-31T22:50:38-07:00"}],"organization":{"id":"527334e4456acab967000002","name":"Admin
        Test Org","slugs":["jobtrain-1","admin-test-org"],"url":"http://ohanapi.herokuapp.com/api/organizations/527334e4456acab967000002","locations_url":"http://ohanapi.herokuapp.com/api/organizations/527334e4456acab967000002/locations"}}'
    http_version: 
  recorded_at: Mon, 04 Nov 2013 08:20:17 GMT
recorded_with: VCR 2.6.0
