---
http_interactions:
- request:
    method: get
    uri: http://ohanapi.herokuapp.com/api/locations/admin-test-location?api_token=<API_TOKEN>
    body:
      encoding: US-ASCII
      string: ''
    headers:
      Accept:
      - application/vnd.ohanapi-v1+json
      User-Agent:
      - Ohanakapa Ruby Gem 1.0.0
      X-Api-Token:
      - <API_TOKEN>
      Accept-Encoding:
      - gzip;q=1.0,deflate;q=0.6,identity;q=0.3
  response:
    status:
      code: 200
      message: OK
    headers:
      Cache-Control:
      - max-age=0, private, must-revalidate
      Content-Type:
      - application/json
      Date:
      - Wed, 13 Nov 2013 06:31:19 GMT
      Etag:
      - '"5aabcb717979cdcae648d896ec11053c"'
      Server:
      - nginx/1.4.3 + Phusion Passenger 4.0.23
      Status:
      - 200 OK
      X-Powered-By:
      - Phusion Passenger 4.0.23
      X-Rack-Cache:
      - miss
      X-Ratelimit-Limit:
      - '5000'
      X-Ratelimit-Remaining:
      - '4896'
      X-Request-Id:
      - 8036b247f90887c2e0b237d918a7f80e
      X-Runtime:
      - '0.050981'
      X-Ua-Compatible:
      - IE=Edge,chrome=1
      Content-Length:
      - '1426'
      Connection:
      - keep-alive
    body:
      encoding: UTF-8
      string: '{"id":"52733b05fafbf0a01a000001","accessibility":["Disabled Restroom"],"address":{"street":"bozo","city":"fairfax","state":"va","zip":"12345"},"contacts":[{"id":"52831cb19f83b65806000005","name":"Moncef","title":"Director","phone":"703-555-1212","email":"email@email.org","fax":"703-555-1234"}],"coordinates":[-73.9395687,42.8142432],"description":"This
        is a description","emails":["eml@example.org"],"faxes":[{"number":"7035551212"}],"kind":"Test","name":"Admin
        Test Location","phones":[{"number":"7035551212","vanity_number":"703555-ABCD","extension":"x1223","department":"CalFresh"}],"short_desc":"This
        is a short description","slugs":["job-training-and-placement-program-1","admin-test-location"],"transportation":"SAMTRANS
        stops within 1/2 mile.","updated_at":"2013-11-12T22:31:13-08:00","urls":["http://codeforamerica.org"],"url":"http://ohanapi.herokuapp.com/api/locations/52733b05fafbf0a01a000001","services":[{"id":"52733ce076ac6ae977000002","description":"This
        is a description","funding_sources":["Federal Government"],"keywords":["testric"],"service_areas":["San
        Mateo County"],"updated_at":"2013-11-12T22:31:14-08:00"}],"organization":{"id":"527334e4456acab967000002","name":"Admin
        Test Org","slugs":["jobtrain-1","admin-test-org"],"url":"http://ohanapi.herokuapp.com/api/organizations/527334e4456acab967000002","locations_url":"http://ohanapi.herokuapp.com/api/organizations/527334e4456acab967000002/locations"}}'
    http_version: 
  recorded_at: Wed, 13 Nov 2013 06:31:20 GMT
- request:
    method: put
    uri: http://ohanapi.herokuapp.com/api/locations/52733b05fafbf0a01a000001?accessibility%5B0%5D=restroom&address%5Bcity%5D=fairfax&address%5Bstate%5D=va&address%5Bstreet%5D=bozo&address%5Bzip%5D=12345&api_token=<API_TOKEN>&contacts%5Bemail%5D=email@email.org&contacts%5Bfax%5D=703-555-1234&contacts%5Bname%5D=Moncef&contacts%5Bphone%5D=703-555-1212&contacts%5Btitle%5D=Director&description=%0AThis%20is%20a%20description&emails%5B0%5D=eml@example.org&faxes%5Bnumber%5D=7035551212&kind=test&mail_address&name=&phones%5Bdepartment%5D=CalFresh&phones%5Bextension%5D=x1223&phones%5Bnumber%5D=7035551212&phones%5Bvanity_number%5D=703555-ABCD&short_desc=%0AThis%20is%20a%20short%20description&transportation=%0ASAMTRANS%20stops%20within%201/2%20mile.&urls%5B0%5D=http://codeforamerica.org
    body:
      encoding: UTF-8
      string: '{}'
    headers:
      Accept:
      - application/vnd.ohanapi-v1+json
      User-Agent:
      - Ohanakapa Ruby Gem 1.0.0
      X-Api-Token:
      - <API_TOKEN>
      Accept-Encoding:
      - gzip;q=1.0,deflate;q=0.6,identity;q=0.3
  response:
    status:
      code: 400
      message: Bad Request
    headers:
      Cache-Control:
      - no-cache
      Content-Type:
      - application/json
      Date:
      - Wed, 13 Nov 2013 06:31:21 GMT
      Server:
      - nginx/1.4.3 + Phusion Passenger 4.0.23
      Status:
      - 400 Bad Request
      X-Powered-By:
      - Phusion Passenger 4.0.23
      X-Rack-Cache:
      - invalidate, pass
      X-Ratelimit-Limit:
      - '5000'
      X-Ratelimit-Remaining:
      - '4895'
      X-Request-Id:
      - 4e04b495c57ff6bf8b68475d066d4e71
      X-Runtime:
      - '0.019680'
      X-Ua-Compatible:
      - IE=Edge,chrome=1
      Content-Length:
      - '211'
      Connection:
      - keep-alive
    body:
      encoding: UTF-8
      string: '{"message":"\nProblem:\n  Validation of Location failed.\nSummary:\n  The
        following errors were found: Name can''t be blank\nResolution:\n  Try persisting
        the document with valid data or remove the validations."}'
    http_version: 
  recorded_at: Wed, 13 Nov 2013 06:31:21 GMT
- request:
    method: get
    uri: http://ohanapi.herokuapp.com/api/locations/admin-test-location?api_token=<API_TOKEN>
    body:
      encoding: US-ASCII
      string: ''
    headers:
      Accept:
      - application/vnd.ohanapi-v1+json
      User-Agent:
      - Ohanakapa Ruby Gem 1.0.0
      X-Api-Token:
      - <API_TOKEN>
      Accept-Encoding:
      - gzip;q=1.0,deflate;q=0.6,identity;q=0.3
  response:
    status:
      code: 200
      message: OK
    headers:
      Cache-Control:
      - max-age=0, private, must-revalidate
      Content-Type:
      - application/json
      Date:
      - Wed, 13 Nov 2013 06:31:21 GMT
      Etag:
      - '"5aabcb717979cdcae648d896ec11053c"'
      Server:
      - nginx/1.4.3 + Phusion Passenger 4.0.23
      Status:
      - 200 OK
      X-Powered-By:
      - Phusion Passenger 4.0.23
      X-Rack-Cache:
      - miss
      X-Ratelimit-Limit:
      - '5000'
      X-Ratelimit-Remaining:
      - '4894'
      X-Request-Id:
      - e73f112b0e18415e5f6bb5f712367352
      X-Runtime:
      - '0.030971'
      X-Ua-Compatible:
      - IE=Edge,chrome=1
      Content-Length:
      - '1426'
      Connection:
      - keep-alive
    body:
      encoding: UTF-8
      string: '{"id":"52733b05fafbf0a01a000001","accessibility":["Disabled Restroom"],"address":{"street":"bozo","city":"fairfax","state":"va","zip":"12345"},"contacts":[{"id":"52831cb19f83b65806000005","name":"Moncef","title":"Director","phone":"703-555-1212","email":"email@email.org","fax":"703-555-1234"}],"coordinates":[-73.9395687,42.8142432],"description":"This
        is a description","emails":["eml@example.org"],"faxes":[{"number":"7035551212"}],"kind":"Test","name":"Admin
        Test Location","phones":[{"number":"7035551212","vanity_number":"703555-ABCD","extension":"x1223","department":"CalFresh"}],"short_desc":"This
        is a short description","slugs":["job-training-and-placement-program-1","admin-test-location"],"transportation":"SAMTRANS
        stops within 1/2 mile.","updated_at":"2013-11-12T22:31:13-08:00","urls":["http://codeforamerica.org"],"url":"http://ohanapi.herokuapp.com/api/locations/52733b05fafbf0a01a000001","services":[{"id":"52733ce076ac6ae977000002","description":"This
        is a description","funding_sources":["Federal Government"],"keywords":["testric"],"service_areas":["San
        Mateo County"],"updated_at":"2013-11-12T22:31:14-08:00"}],"organization":{"id":"527334e4456acab967000002","name":"Admin
        Test Org","slugs":["jobtrain-1","admin-test-org"],"url":"http://ohanapi.herokuapp.com/api/organizations/527334e4456acab967000002","locations_url":"http://ohanapi.herokuapp.com/api/organizations/527334e4456acab967000002/locations"}}'
    http_version: 
  recorded_at: Wed, 13 Nov 2013 06:31:21 GMT
recorded_with: VCR 2.6.0
