---
http_interactions:
- request:
    method: get
    uri: http://ohana-api-test.herokuapp.com/api/locations/admin-test-location?api_token=Ohana-API-Admin-Test
    body:
      encoding: US-ASCII
      string: ''
    headers:
      Accept:
      - application/vnd.ohanapi-v1+json
      User-Agent:
      - Ohanakapa Ruby Gem 1.0.0
      X-Api-Token:
      - Ohana-API-Admin-Test
      Accept-Encoding:
      - gzip;q=1.0,deflate;q=0.6,identity;q=0.3
  response:
    status:
      code: 200
      message: OK
    headers:
      Cache-Control:
      - max-age=0, private, must-revalidate
      Content-Type:
      - application/json
      Date:
      - Thu, 29 May 2014 20:12:40 GMT
      Server:
      - nginx/1.4.7 + Phusion Passenger 4.0.41
      Status:
      - 200 OK
      X-Powered-By:
      - Phusion Passenger 4.0.41
      X-Request-Id:
      - 62f0cfce-3652-4db8-bd02-9cd04a1424be
      X-Runtime:
      - '0.059504'
      Content-Length:
      - '597'
      Connection:
      - keep-alive
    body:
      encoding: UTF-8
      string: '{"id":21,"accessibility":["Disabled Restroom"],"address":{"id":20,"street":"bozo","city":"fairfax","state":"va","zip":"12345"},"contacts":[{"id":35,"name":"Moncef
        Belyamani-Belyamani","title":"Director of Development and Operations","phone":"703-555-1212","email":"moncefbelyamani@samaritanhousesanmateo.org","fax":"703-555-1234"}],"coordinates":[-73.9395687,42.8142432],"description":"This
        is a description","emails":["eml@example.org"],"faxes":[{"id":27,"number":"7035551212","department":"CalFresh"}],"name":"Admin
        Test Location","phones":[{"id":30,"department":"CalFresh","extension":"x1223","number":"7035551212","vanity_number":"703555-ABCD"}],"short_desc":"This
        is a short description","slug":"admin-test-location","updated_at":"2014-05-29T13:12:31.330-07:00","urls":["http://codeforamerica.org"],"url":"http://ohana-api-test.herokuapp.com/api/locations/21","services":[{"id":21,"service_areas":["Atherton"],"updated_at":"2014-05-29T13:12:31.320-07:00"}],"organization":{"id":7,"name":"Admin
        Test Org","slug":"admin-test-org","url":"http://ohana-api-test.herokuapp.com/api/organizations/7","locations_url":"http://ohana-api-test.herokuapp.com/api/organizations/7/locations"}}'
    http_version: 
  recorded_at: Thu, 29 May 2014 20:12:40 GMT
- request:
    method: put
    uri: http://ohana-api-test.herokuapp.com/api/organizations/7?api_token=Ohana-API-Admin-Test&name=Admin%20Test%20Org
    body:
      encoding: UTF-8
      string: "{}"
    headers:
      Accept:
      - application/vnd.ohanapi-v1+json
      User-Agent:
      - Ohanakapa Ruby Gem 1.0.0
      X-Api-Token:
      - Ohana-API-Admin-Test
      Accept-Encoding:
      - gzip;q=1.0,deflate;q=0.6,identity;q=0.3
  response:
    status:
      code: 200
      message: OK
    headers:
      Cache-Control:
      - max-age=0, private, must-revalidate
      Content-Type:
      - application/json
      Date:
      - Thu, 29 May 2014 20:12:42 GMT
      Server:
      - nginx/1.4.7 + Phusion Passenger 4.0.41
      Status:
      - 200 OK
      X-Powered-By:
      - Phusion Passenger 4.0.41
      X-Request-Id:
      - 1337878f-78ca-4aa3-acb8-5d2e18e4addb
      X-Runtime:
      - '0.057001'
      Content-Length:
      - '148'
      Connection:
      - keep-alive
    body:
      encoding: UTF-8
      string: '{"id":7,"name":"Admin Test Org","slug":"admin-test-org","url":"http://ohana-api-test.herokuapp.com/api/organizations/7","locations_url":"http://ohana-api-test.herokuapp.com/api/organizations/7/locations"}'
    http_version: 
  recorded_at: Thu, 29 May 2014 20:12:42 GMT
- request:
    method: patch
    uri: http://ohana-api-test.herokuapp.com/api/locations/21/address?api_token=Ohana-API-Admin-Test&city=fairfax&new&state=va&street=bozo&zip=12345
    body:
      encoding: UTF-8
      string: "{}"
    headers:
      Accept:
      - application/vnd.ohanapi-v1+json
      User-Agent:
      - Ohanakapa Ruby Gem 1.0.0
      X-Api-Token:
      - Ohana-API-Admin-Test
      Accept-Encoding:
      - gzip;q=1.0,deflate;q=0.6,identity;q=0.3
  response:
    status:
      code: 200
      message: OK
    headers:
      Cache-Control:
      - max-age=0, private, must-revalidate
      Content-Type:
      - application/json
      Date:
      - Thu, 29 May 2014 20:12:42 GMT
      Server:
      - nginx/1.4.7 + Phusion Passenger 4.0.41
      Status:
      - 200 OK
      X-Powered-By:
      - Phusion Passenger 4.0.41
      X-Request-Id:
      - b87c43b7-289f-4ff0-a8c1-254296754013
      X-Runtime:
      - '0.052601'
      Transfer-Encoding:
      - chunked
      Connection:
      - keep-alive
    body:
      encoding: UTF-8
      string: '{"id":20,"location_id":21,"street":"bozo","city":"fairfax","state":"va","zip":"12345","created_at":"2014-04-18T12:32:12.937-07:00","updated_at":"2014-04-18T12:32:12.937-07:00"}'
    http_version: 
  recorded_at: Thu, 29 May 2014 20:12:42 GMT
- request:
    method: put
    uri: http://ohana-api-test.herokuapp.com/api/locations/21?accessibility%5B0%5D=restroom&admin_emails&api_token=Ohana-API-Admin-Test&description=This%20is%20a%20description&emails%5B0%5D=eml@example.org&hours=&name=Admin%20Test%20Location&short_desc=This%20is%20a%20short%20description&transportation=&urls%5B0%5D=http://codeforamerica.org
    body:
      encoding: UTF-8
      string: "{}"
    headers:
      Accept:
      - application/vnd.ohanapi-v1+json
      User-Agent:
      - Ohanakapa Ruby Gem 1.0.0
      X-Api-Token:
      - Ohana-API-Admin-Test
      Accept-Encoding:
      - gzip;q=1.0,deflate;q=0.6,identity;q=0.3
  response:
    status:
      code: 200
      message: OK
    headers:
      Cache-Control:
      - max-age=0, private, must-revalidate
      Content-Type:
      - application/json
      Date:
      - Thu, 29 May 2014 20:12:42 GMT
      Server:
      - nginx/1.4.7 + Phusion Passenger 4.0.41
      Status:
      - 200 OK
      X-Powered-By:
      - Phusion Passenger 4.0.41
      X-Request-Id:
      - a078c757-4fab-44f4-872c-30f78387cb28
      X-Runtime:
      - '0.093875'
      Content-Length:
      - '599'
      Connection:
      - keep-alive
    body:
      encoding: UTF-8
      string: '{"id":21,"accessibility":["Disabled Restroom"],"address":{"id":20,"street":"bozo","city":"fairfax","state":"va","zip":"12345"},"contacts":[{"id":35,"name":"Moncef
        Belyamani-Belyamani","title":"Director of Development and Operations","phone":"703-555-1212","email":"moncefbelyamani@samaritanhousesanmateo.org","fax":"703-555-1234"}],"coordinates":[-73.9395687,42.8142432],"description":"This
        is a description","emails":["eml@example.org"],"faxes":[{"id":27,"number":"7035551212","department":"CalFresh"}],"name":"Admin
        Test Location","phones":[{"id":30,"department":"CalFresh","extension":"x1223","number":"7035551212","vanity_number":"703555-ABCD"}],"short_desc":"This
        is a short description","slug":"admin-test-location","updated_at":"2014-05-29T13:12:42.850-07:00","urls":["http://codeforamerica.org"],"url":"http://ohana-api-test.herokuapp.com/api/locations/21","services":[{"id":21,"service_areas":["Atherton"],"updated_at":"2014-05-29T13:12:31.320-07:00"}],"organization":{"id":7,"name":"Admin
        Test Org","slug":"admin-test-org","url":"http://ohana-api-test.herokuapp.com/api/organizations/7","locations_url":"http://ohana-api-test.herokuapp.com/api/organizations/7/locations"}}'
    http_version: 
  recorded_at: Thu, 29 May 2014 20:12:42 GMT
- request:
    method: patch
    uri: http://ohana-api-test.herokuapp.com/api/locations/21/contacts/35?api_token=Ohana-API-Admin-Test&email=moncefbelyamani@samaritanhousesanmateo.org&extension=&fax=703-555-1234&name=Moncef%20Belyamani-Belyamani&phone=703-555-1212&title=Director%20of%20Development%20and%20Operations
    body:
      encoding: UTF-8
      string: "{}"
    headers:
      Accept:
      - application/vnd.ohanapi-v1+json
      User-Agent:
      - Ohanakapa Ruby Gem 1.0.0
      X-Api-Token:
      - Ohana-API-Admin-Test
      Accept-Encoding:
      - gzip;q=1.0,deflate;q=0.6,identity;q=0.3
  response:
    status:
      code: 200
      message: OK
    headers:
      Cache-Control:
      - max-age=0, private, must-revalidate
      Content-Type:
      - application/json
      Date:
      - Thu, 29 May 2014 20:12:42 GMT
      Server:
      - nginx/1.4.7 + Phusion Passenger 4.0.41
      Status:
      - 200 OK
      X-Powered-By:
      - Phusion Passenger 4.0.41
      X-Request-Id:
      - 89963d8f-50c8-493e-8a93-c8567edfde6e
      X-Runtime:
      - '0.041410'
      Transfer-Encoding:
      - chunked
      Connection:
      - keep-alive
    body:
      encoding: UTF-8
      string: '{"id":35,"name":"Moncef Belyamani-Belyamani","title":"Director of Development
        and Operations","phone":"703-555-1212","email":"moncefbelyamani@samaritanhousesanmateo.org","fax":"703-555-1234"}'
    http_version: 
  recorded_at: Thu, 29 May 2014 20:12:42 GMT
- request:
    method: patch
    uri: http://ohana-api-test.herokuapp.com/api/locations/21/faxes/27?api_token=Ohana-API-Admin-Test&department=CalFresh&number=7035551212
    body:
      encoding: UTF-8
      string: "{}"
    headers:
      Accept:
      - application/vnd.ohanapi-v1+json
      User-Agent:
      - Ohanakapa Ruby Gem 1.0.0
      X-Api-Token:
      - Ohana-API-Admin-Test
      Accept-Encoding:
      - gzip;q=1.0,deflate;q=0.6,identity;q=0.3
  response:
    status:
      code: 200
      message: OK
    headers:
      Cache-Control:
      - max-age=0, private, must-revalidate
      Content-Type:
      - application/json
      Date:
      - Thu, 29 May 2014 20:12:43 GMT
      Etag:
      - '"f209fbc679cc4ee59996e58144c88c29"'
      Server:
      - nginx/1.4.7 + Phusion Passenger 4.0.41
      Status:
      - 200 OK
      X-Powered-By:
      - Phusion Passenger 4.0.41
      X-Request-Id:
      - 971a46ac-3464-4c5e-90bb-2ba0ca5a59ee
      X-Runtime:
      - '0.037239'
      Content-Length:
      - '55'
      Connection:
      - keep-alive
    body:
      encoding: UTF-8
      string: '{"id":27,"number":"7035551212","department":"CalFresh"}'
    http_version: 
  recorded_at: Thu, 29 May 2014 20:12:43 GMT
- request:
    method: patch
    uri: http://ohana-api-test.herokuapp.com/api/locations/21/phones/30?api_token=Ohana-API-Admin-Test&department=CalFresh&extension=x1223&hours=&number=7035551212&vanity_number=703555-ABCD
    body:
      encoding: UTF-8
      string: "{}"
    headers:
      Accept:
      - application/vnd.ohanapi-v1+json
      User-Agent:
      - Ohanakapa Ruby Gem 1.0.0
      X-Api-Token:
      - Ohana-API-Admin-Test
      Accept-Encoding:
      - gzip;q=1.0,deflate;q=0.6,identity;q=0.3
  response:
    status:
      code: 200
      message: OK
    headers:
      Cache-Control:
      - max-age=0, private, must-revalidate
      Content-Type:
      - application/json
      Date:
      - Thu, 29 May 2014 20:12:43 GMT
      Etag:
      - '"77d842b6dbde94498032a7df827c87b4"'
      Server:
      - nginx/1.4.7 + Phusion Passenger 4.0.41
      Status:
      - 200 OK
      X-Powered-By:
      - Phusion Passenger 4.0.41
      X-Request-Id:
      - 7119c203-9135-4756-b9af-4f21eaa5cae3
      X-Runtime:
      - '0.045808'
      Content-Length:
      - '105'
      Connection:
      - keep-alive
    body:
      encoding: UTF-8
      string: '{"id":30,"department":"CalFresh","extension":"x1223","number":"7035551212","vanity_number":"703555-ABCD"}'
    http_version: 
  recorded_at: Thu, 29 May 2014 20:12:43 GMT
- request:
    method: post
    uri: http://ohana-api-test.herokuapp.com/api/locations/21/phones?api_token=Ohana-API-Admin-Test&department=Test&extension=&hours=&number=&vanity_number=
    body:
      encoding: UTF-8
      string: "{}"
    headers:
      Accept:
      - application/vnd.ohanapi-v1+json
      User-Agent:
      - Ohanakapa Ruby Gem 1.0.0
      X-Api-Token:
      - Ohana-API-Admin-Test
      Accept-Encoding:
      - gzip;q=1.0,deflate;q=0.6,identity;q=0.3
  response:
    status:
      code: 400
      message: Bad Request
    headers:
      Cache-Control:
      - no-cache
      Content-Type:
      - application/json
      Date:
      - Thu, 29 May 2014 20:12:43 GMT
      Server:
      - nginx/1.4.7 + Phusion Passenger 4.0.41
      Status:
      - 400 Bad Request
      X-Powered-By:
      - Phusion Passenger 4.0.41
      X-Request-Id:
      - 172afec6-ad38-445f-913f-3ee32019ec38
      X-Runtime:
      - '0.026557'
      Content-Length:
      - '104'
      Connection:
      - keep-alive
    body:
      encoding: UTF-8
      string: '{"message":"Validation failed: Number can''t be blank for Phone, Number  is
        not a valid US phone number"}'
    http_version: 
  recorded_at: Thu, 29 May 2014 20:12:43 GMT
- request:
    method: get
    uri: http://ohana-api-test.herokuapp.com/api/locations/admin-test-location?api_token=Ohana-API-Admin-Test
    body:
      encoding: US-ASCII
      string: ''
    headers:
      Accept:
      - application/vnd.ohanapi-v1+json
      User-Agent:
      - Ohanakapa Ruby Gem 1.0.0
      X-Api-Token:
      - Ohana-API-Admin-Test
      Accept-Encoding:
      - gzip;q=1.0,deflate;q=0.6,identity;q=0.3
  response:
    status:
      code: 200
      message: OK
    headers:
      Cache-Control:
      - max-age=0, private, must-revalidate
      Content-Type:
      - application/json
      Date:
      - Thu, 29 May 2014 20:12:43 GMT
      Server:
      - nginx/1.4.7 + Phusion Passenger 4.0.41
      Status:
      - 200 OK
      X-Powered-By:
      - Phusion Passenger 4.0.41
      X-Request-Id:
      - 1bf09871-d5b0-4483-aede-5b5043f101d4
      X-Runtime:
      - '0.058661'
      Transfer-Encoding:
      - chunked
      Connection:
      - keep-alive
    body:
      encoding: UTF-8
      string: '{"id":21,"accessibility":["Disabled Restroom"],"address":{"id":20,"street":"bozo","city":"fairfax","state":"va","zip":"12345"},"contacts":[{"id":35,"name":"Moncef
        Belyamani-Belyamani","title":"Director of Development and Operations","phone":"703-555-1212","email":"moncefbelyamani@samaritanhousesanmateo.org","fax":"703-555-1234"}],"coordinates":[-73.9395687,42.8142432],"description":"This
        is a description","emails":["eml@example.org"],"faxes":[{"id":27,"number":"7035551212","department":"CalFresh"}],"name":"Admin
        Test Location","phones":[{"id":30,"department":"CalFresh","extension":"x1223","number":"7035551212","vanity_number":"703555-ABCD"}],"short_desc":"This
        is a short description","slug":"admin-test-location","updated_at":"2014-05-29T13:12:43.163-07:00","urls":["http://codeforamerica.org"],"url":"http://ohana-api-test.herokuapp.com/api/locations/21","services":[{"id":21,"service_areas":["Atherton"],"updated_at":"2014-05-29T13:12:31.320-07:00"}],"organization":{"id":7,"name":"Admin
        Test Org","slug":"admin-test-org","url":"http://ohana-api-test.herokuapp.com/api/organizations/7","locations_url":"http://ohana-api-test.herokuapp.com/api/organizations/7/locations"}}'
    http_version: 
  recorded_at: Thu, 29 May 2014 20:12:43 GMT
recorded_with: VCR 2.9.2
