---
http_interactions:
- request:
    method: get
    uri: http://localhost:8080/api/locations/admin-test-location?api_token=<API_TOKEN>
    body:
      encoding: US-ASCII
      string: ''
    headers:
      Accept:
      - application/vnd.ohanapi-v1+json
      User-Agent:
      - Ohanakapa Ruby Gem 1.0.0
      X-Api-Token:
      - <API_TOKEN>
      Accept-Encoding:
      - gzip;q=1.0,deflate;q=0.6,identity;q=0.3
  response:
    status:
      code: 200
      message: OK
    headers:
      Content-Type:
      - application/json
      Content-Length:
      - '1287'
      Connection:
      - keep-alive
      Status:
      - 200 OK
      Etag:
      - '"ab439a45ac8df840519cf298121bf58f"'
      Cache-Control:
      - max-age=0, private, must-revalidate
      X-Ua-Compatible:
      - IE=Edge
      X-Request-Id:
      - 8fabb2a13f8ec5a9dae5ad0b709cdf66
      X-Runtime:
      - '0.028182'
      X-Powered-By:
      - Phusion Passenger 4.0.23
      Date:
      - Thu, 14 Nov 2013 05:06:25 UTC
      Server:
      - nginx/1.4.3 + Phusion Passenger 4.0.23
    body:
      encoding: UTF-8
      string: '{"id":"5284559f1974fc9646000072","accessibility":["Elevator","Disabled
        Restroom"],"address":{"street":"bozo","city":"fairfax","state":"va","zip":"12345"},"contacts":[{"id":"52845a4c1974fc83f7000031","name":"Moncef","title":"Director","phone":"703-555-1212","email":"email@email.org","fax":"703-555-1234"}],"coordinates":[-73.9395687,42.8142432],"description":"This
        is a description","emails":["eml@example.org"],"faxes":[{"number":"7035551212","department":"CalFresh"}],"kind":"Test","name":"Admin
        Test Location","phones":[{"number":"7035551212","vanity_number":"703555-ABCD","extension":"x1223","department":"CalFresh"}],"short_desc":"This
        is a short description","slugs":["admin-test-location"],"transportation":"SAMTRANS
        stops within 1/2 mile.","updated_at":"2013-11-13T21:06:20-08:00","url":"http://localhost:8080/api/locations/5284559f1974fc9646000072","services":[{"id":"5284559f1974fc9646000075","description":"This
        is a description","service_areas":["San Mateo County"],"updated_at":"2013-11-13T20:50:39-08:00"}],"organization":{"id":"5284559f1974fc9646000071","name":"Admin
        Test Org","slugs":["admin-test-org"],"url":"http://localhost:8080/api/organizations/5284559f1974fc9646000071","locations_url":"http://localhost:8080/api/organizations/5284559f1974fc9646000071/locations"}}'
    http_version: 
  recorded_at: Thu, 14 Nov 2013 05:06:25 GMT
- request:
    method: put
    uri: http://localhost:8080/api/locations/5284559f1974fc9646000072?accessibility%5B0%5D=elevator&accessibility%5B1%5D=restroom&address%5Bcity%5D=fairfax&address%5Bstate%5D=va&address%5Bstreet%5D=bozo&address%5Bzip%5D=12345&api_token=<API_TOKEN>&contacts%5Bemail%5D=email@email.org&contacts%5Bfax%5D=703-555-1234&contacts%5Bname%5D=Moncef&contacts%5Bphone%5D=703-555-1212&contacts%5Btitle%5D=Director&description=%0AThis%20is%20a%20description&emails%5B0%5D=eml@example.org&faxes%5Bdepartment%5D=CalFresh&faxes%5Bnumber%5D=7035551212&hours=&kind=test&mail_address&name=Admin%20Test%20Location&phones%5Bdepartment%5D=CalFresh&phones%5Bextension%5D=x1223&phones%5Bnumber%5D=703&phones%5Bvanity_number%5D=703555-ABCD&short_desc=%0AThis%20is%20a%20short%20description&transportation=%0ASAMTRANS%20stops%20within%201/2%20mile.&urls
    body:
      encoding: UTF-8
      string: '{}'
    headers:
      Accept:
      - application/vnd.ohanapi-v1+json
      User-Agent:
      - Ohanakapa Ruby Gem 1.0.0
      X-Api-Token:
      - <API_TOKEN>
      Accept-Encoding:
      - gzip;q=1.0,deflate;q=0.6,identity;q=0.3
  response:
    status:
      code: 400
      message: Bad Request
    headers:
      Content-Type:
      - application/json
      Content-Length:
      - '233'
      Connection:
      - keep-alive
      Status:
      - 400 Bad Request
      X-Ua-Compatible:
      - IE=Edge
      Cache-Control:
      - no-cache
      X-Request-Id:
      - 7220653522b3335d0d93abe3963ed1d2
      X-Runtime:
      - '0.022455'
      X-Powered-By:
      - Phusion Passenger 4.0.23
      Date:
      - Thu, 14 Nov 2013 05:06:26 UTC
      Server:
      - nginx/1.4.3 + Phusion Passenger 4.0.23
    body:
      encoding: UTF-8
      string: '{"message":"\nProblem:\n  Validation of Location failed.\nSummary:\n  The
        following errors were found: Phones 703 is not a valid US phone number\nResolution:\n  Try
        persisting the document with valid data or remove the validations."}'
    http_version: 
  recorded_at: Thu, 14 Nov 2013 05:06:26 GMT
- request:
    method: get
    uri: http://localhost:8080/api/locations/admin-test-location?api_token=<API_TOKEN>
    body:
      encoding: US-ASCII
      string: ''
    headers:
      Accept:
      - application/vnd.ohanapi-v1+json
      User-Agent:
      - Ohanakapa Ruby Gem 1.0.0
      X-Api-Token:
      - <API_TOKEN>
      Accept-Encoding:
      - gzip;q=1.0,deflate;q=0.6,identity;q=0.3
  response:
    status:
      code: 200
      message: OK
    headers:
      Content-Type:
      - application/json
      Content-Length:
      - '1287'
      Connection:
      - keep-alive
      Status:
      - 200 OK
      Etag:
      - '"ab439a45ac8df840519cf298121bf58f"'
      Cache-Control:
      - max-age=0, private, must-revalidate
      X-Ua-Compatible:
      - IE=Edge
      X-Request-Id:
      - 09203a5b65b25375f36d46a310b43598
      X-Runtime:
      - '0.024028'
      X-Powered-By:
      - Phusion Passenger 4.0.23
      Date:
      - Thu, 14 Nov 2013 05:06:26 UTC
      Server:
      - nginx/1.4.3 + Phusion Passenger 4.0.23
    body:
      encoding: UTF-8
      string: '{"id":"5284559f1974fc9646000072","accessibility":["Elevator","Disabled
        Restroom"],"address":{"street":"bozo","city":"fairfax","state":"va","zip":"12345"},"contacts":[{"id":"52845a4c1974fc83f7000031","name":"Moncef","title":"Director","phone":"703-555-1212","email":"email@email.org","fax":"703-555-1234"}],"coordinates":[-73.9395687,42.8142432],"description":"This
        is a description","emails":["eml@example.org"],"faxes":[{"number":"7035551212","department":"CalFresh"}],"kind":"Test","name":"Admin
        Test Location","phones":[{"number":"7035551212","vanity_number":"703555-ABCD","extension":"x1223","department":"CalFresh"}],"short_desc":"This
        is a short description","slugs":["admin-test-location"],"transportation":"SAMTRANS
        stops within 1/2 mile.","updated_at":"2013-11-13T21:06:20-08:00","url":"http://localhost:8080/api/locations/5284559f1974fc9646000072","services":[{"id":"5284559f1974fc9646000075","description":"This
        is a description","service_areas":["San Mateo County"],"updated_at":"2013-11-13T20:50:39-08:00"}],"organization":{"id":"5284559f1974fc9646000071","name":"Admin
        Test Org","slugs":["admin-test-org"],"url":"http://localhost:8080/api/organizations/5284559f1974fc9646000071","locations_url":"http://localhost:8080/api/organizations/5284559f1974fc9646000071/locations"}}'
    http_version: 
  recorded_at: Thu, 14 Nov 2013 05:06:26 GMT
recorded_with: VCR 2.7.0
