---
http_interactions:
- request:
    method: get
    uri: http://ohana-api-test.herokuapp.com/api/search?api_token=Ohana-API-Admin-Test&domain=samaritanhouse.com
    body:
      encoding: US-ASCII
      string: ''
    headers:
      Accept:
      - application/vnd.ohanapi-v1+json
      User-Agent:
      - Ohanakapa Ruby Gem 1.0.0
      X-Api-Token:
      - Ohana-API-Admin-Test
      Accept-Encoding:
      - gzip;q=1.0,deflate;q=0.6,identity;q=0.3
  response:
    status:
      code: 200
      message: OK
    headers:
      Cache-Control:
      - max-age=0, private, must-revalidate
      Content-Type:
      - application/json
      Date:
      - Thu, 29 May 2014 20:14:00 GMT
      Link:
      - <http://ohana-api-test.herokuapp.com/api/search?api_token=Ohana-API-Admin-Test&domain=samaritanhouse.com&page=2&per_page=1>;
        rel="last", <http://ohana-api-test.herokuapp.com/api/search?api_token=Ohana-API-Admin-Test&domain=samaritanhouse.com&page=2&per_page=1>;
        rel="next"
      Server:
      - nginx/1.4.7 + Phusion Passenger 4.0.41
      Status:
      - 200 OK
      X-Current-Page:
      - '1'
      X-Next-Page:
      - '2'
      X-Powered-By:
      - Phusion Passenger 4.0.41
      X-Request-Id:
      - 3cb992a2-d3b1-427f-aa33-08e98a8b0afa
      X-Runtime:
      - '0.069508'
      X-Total-Count:
      - '2'
      X-Total-Pages:
      - '2'
      Transfer-Encoding:
      - chunked
      Connection:
      - keep-alive
    body:
      encoding: UTF-8
      string: '[{"id":18,"accessibility":["Disabled Restroom","Wheelchair"],"address":{"id":18,"street":"114
        Fifth Avenue","city":"Redwood City","state":"CA","zip":"94063"},"contacts":[{"id":26,"name":"Sharon
        Petersen","title":"Administrator"}],"coordinates":[-122.207057,37.468678],"description":"Provides
        free medical care to those in need. Offers basic medical exams for adults
        and tuberculosis screening. Assists the individual to access other services
        in the community. By appointment only, Project Smile provides a free dental
        exam, dental cleaning and oral hygiene instruction for children, age 3-12,
        of Samaritan House clients.","emails":["gracie@samaritanhouse.com"],"faxes":[{"id":18,"number":"650
        839-1457"}],"hours":"Monday-Friday, 9-12, 2-5","languages":["Spanish"],"mail_address":{"id":18,"attention":"Redwood
        City Free Medical Clinic","street":"114 Fifth Avenue","city":"Redwood City","state":"CA","zip":"94063"},"name":"Redwood
        City Free Medical Clinic","phones":[{"id":18,"number":"650 839-1447"}],"short_desc":"Provides
        free medical care to those in need.","slug":"redwood-city-free-medical-clinic","transportation":"SAMTRANS
        stops within 2 blocks.","updated_at":"2014-05-09T20:49:18.967-07:00","urls":["http://www.samaritanhouse.com"],"url":"http://ohana-api-test.herokuapp.com/api/locations/18","services":[{"id":18,"eligibility":"Low-income
        person without access to health care","fees":"None.","funding_sources":["Donations","Grants"],"keywords":["HEALTH
        SERVICES","Outpatient Care","Community Clinics"],"how_to_apply":"Call for
        screening appointment. Medical visits are by appointment only.","service_areas":["Atherton","East
        Palo Alto","Menlo Park","Redwood City","San Carlos"],"wait":"Varies.","updated_at":"2014-04-18T12:32:10.649-07:00"}],"organization":{"id":5,"name":"Samaritan
        House","slug":"samaritan-house","url":"http://ohana-api-test.herokuapp.com/api/organizations/5","locations_url":"http://ohana-api-test.herokuapp.com/api/organizations/5/locations"}}]'
    http_version: 
  recorded_at: Thu, 29 May 2014 20:14:00 GMT
- request:
    method: get
    uri: http://ohana-api-test.herokuapp.com/api/organizations/5/locations
    body:
      encoding: US-ASCII
      string: ''
    headers:
      Accept:
      - application/vnd.ohanapi-v1+json
      User-Agent:
      - Ohanakapa Ruby Gem 1.0.0
      X-Api-Token:
      - Ohana-API-Admin-Test
      Accept-Encoding:
      - gzip;q=1.0,deflate;q=0.6,identity;q=0.3
  response:
    status:
      code: 200
      message: OK
    headers:
      Cache-Control:
      - max-age=0, private, must-revalidate
      Content-Type:
      - application/json
      Date:
      - Thu, 29 May 2014 20:14:00 GMT
      Server:
      - nginx/1.4.7 + Phusion Passenger 4.0.41
      Status:
      - 200 OK
      X-Current-Page:
      - '1'
      X-Powered-By:
      - Phusion Passenger 4.0.41
      X-Request-Id:
      - 90544f6d-f602-460f-910f-2812c389f423
      X-Runtime:
      - '0.093311'
      X-Total-Count:
      - '2'
      X-Total-Pages:
      - '1'
      Transfer-Encoding:
      - chunked
      Connection:
      - keep-alive
    body:
      encoding: UTF-8
      string: '[{"id":19,"accessibility":["Elevator","Ramp","Wheelchair"],"address":{"id":19,"street":"19
        West 39th Avenue","city":"San Mateo","state":"CA","zip":"94403"},"contacts":[{"id":27,"name":"Sharon
        Petersen","title":"Administrator"}],"coordinates":[-122.2931236,37.5326941],"description":"Provides
        free medical and dental care to those in need. Offers basic medical care for
        adults.","emails":["smcmed@samaritanhouse.com"],"faxes":[{"id":19,"number":"650
        578-0440"}],"hours":"Monday-Friday, 9-12, 1-4","languages":["Spanish"],"mail_address":{"id":19,"attention":"San
        Mateo Free Medical/Dental","street":"19 West 39th Avenue","city":"San Mateo","state":"CA","zip":"94403"},"name":"San
        Mateo Free Medical Clinic","phones":[{"id":19,"number":"650 578-0400"}],"short_desc":"Provides
        free medical and dental care to those in need. Offers basic medical care for
        adults.","slug":"san-mateo-free-medical-clinic","transportation":"SAMTRANS
        stops within 1 block.","updated_at":"2014-05-09T21:37:14.734-07:00","urls":["http://www.samaritanhouse.com"],"url":"http://ohana-api-test.herokuapp.com/api/locations/19","services":[{"id":19,"eligibility":"Low-income
        person without access to health care","fees":"None.","funding_sources":["Donations","Grants"],"keywords":["HEALTH
        SERVICES","Outpatient Care","Community Clinics"],"how_to_apply":"Call for
        screening appointment (650-347-3648).","service_areas":["Belmont","Burlingame","Foster
        City","Millbrae","San Carlos","San Mateo"],"wait":"Varies.","updated_at":"2014-04-18T12:32:11.921-07:00"}],"organization":{"id":5,"name":"Samaritan
        House","slug":"samaritan-house","url":"http://ohana-api-test.herokuapp.com/api/organizations/5","locations_url":"http://ohana-api-test.herokuapp.com/api/organizations/5/locations"}},{"id":18,"accessibility":["Disabled
        Restroom","Wheelchair"],"address":{"id":18,"street":"114 Fifth Avenue","city":"Redwood
        City","state":"CA","zip":"94063"},"contacts":[{"id":26,"name":"Sharon Petersen","title":"Administrator"}],"coordinates":[-122.207057,37.468678],"description":"Provides
        free medical care to those in need. Offers basic medical exams for adults
        and tuberculosis screening. Assists the individual to access other services
        in the community. By appointment only, Project Smile provides a free dental
        exam, dental cleaning and oral hygiene instruction for children, age 3-12,
        of Samaritan House clients.","emails":["gracie@samaritanhouse.com"],"faxes":[{"id":18,"number":"650
        839-1457"}],"hours":"Monday-Friday, 9-12, 2-5","languages":["Spanish"],"mail_address":{"id":18,"attention":"Redwood
        City Free Medical Clinic","street":"114 Fifth Avenue","city":"Redwood City","state":"CA","zip":"94063"},"name":"Redwood
        City Free Medical Clinic","phones":[{"id":18,"number":"650 839-1447"}],"short_desc":"Provides
        free medical care to those in need.","slug":"redwood-city-free-medical-clinic","transportation":"SAMTRANS
        stops within 2 blocks.","updated_at":"2014-05-09T20:49:18.967-07:00","urls":["http://www.samaritanhouse.com"],"url":"http://ohana-api-test.herokuapp.com/api/locations/18","services":[{"id":18,"eligibility":"Low-income
        person without access to health care","fees":"None.","funding_sources":["Donations","Grants"],"keywords":["HEALTH
        SERVICES","Outpatient Care","Community Clinics"],"how_to_apply":"Call for
        screening appointment. Medical visits are by appointment only.","service_areas":["Atherton","East
        Palo Alto","Menlo Park","Redwood City","San Carlos"],"wait":"Varies.","updated_at":"2014-04-18T12:32:10.649-07:00"}],"organization":{"id":5,"name":"Samaritan
        House","slug":"samaritan-house","url":"http://ohana-api-test.herokuapp.com/api/organizations/5","locations_url":"http://ohana-api-test.herokuapp.com/api/organizations/5/locations"}}]'
    http_version: 
  recorded_at: Thu, 29 May 2014 20:14:00 GMT
- request:
    method: post
    uri: http://ohana-api-test.herokuapp.com/api/locations/?accessibility&address_attributes%5Bcity%5D=utopia&address_attributes%5Bdestroy%5D&address_attributes%5Bnew%5D&address_attributes%5Bstate%5D=XX&address_attributes%5Bstreet%5D=modularity&address_attributes%5Bzip%5D=12345&admin_emails&api_token=Ohana-API-Admin-Test&description=new%20description&emails&hours=&name=&organization_id=5&short_desc=&transportation=&urls%5B0%5D=http://www.samaritanhouse.com
    body:
      encoding: UTF-8
      string: "{}"
    headers:
      Accept:
      - application/vnd.ohanapi-v1+json
      User-Agent:
      - Ohanakapa Ruby Gem 1.0.0
      X-Api-Token:
      - Ohana-API-Admin-Test
      Accept-Encoding:
      - gzip;q=1.0,deflate;q=0.6,identity;q=0.3
  response:
    status:
      code: 400
      message: Bad Request
    headers:
      Cache-Control:
      - no-cache
      Content-Type:
      - application/json
      Date:
      - Thu, 29 May 2014 20:14:01 GMT
      Server:
      - nginx/1.4.7 + Phusion Passenger 4.0.41
      Status:
      - 400 Bad Request
      X-Powered-By:
      - Phusion Passenger 4.0.41
      X-Request-Id:
      - aeb13420-8fff-4639-b706-f5cd22bcd7a3
      X-Runtime:
      - '0.045934'
      Content-Length:
      - '65'
      Connection:
      - keep-alive
    body:
      encoding: UTF-8
      string: '{"message":"Validation failed: Name can''t be blank for Location"}'
    http_version: 
  recorded_at: Thu, 29 May 2014 20:14:01 GMT
- request:
    method: get
    uri: http://ohana-api-test.herokuapp.com/api/search?api_token=Ohana-API-Admin-Test&domain=samaritanhouse.com
    body:
      encoding: US-ASCII
      string: ''
    headers:
      Accept:
      - application/vnd.ohanapi-v1+json
      User-Agent:
      - Ohanakapa Ruby Gem 1.0.0
      X-Api-Token:
      - Ohana-API-Admin-Test
      Accept-Encoding:
      - gzip;q=1.0,deflate;q=0.6,identity;q=0.3
  response:
    status:
      code: 200
      message: OK
    headers:
      Cache-Control:
      - max-age=0, private, must-revalidate
      Content-Type:
      - application/json
      Date:
      - Thu, 29 May 2014 20:14:02 GMT
      Link:
      - <http://ohana-api-test.herokuapp.com/api/search?api_token=Ohana-API-Admin-Test&domain=samaritanhouse.com&page=2&per_page=1>;
        rel="last", <http://ohana-api-test.herokuapp.com/api/search?api_token=Ohana-API-Admin-Test&domain=samaritanhouse.com&page=2&per_page=1>;
        rel="next"
      Server:
      - nginx/1.4.7 + Phusion Passenger 4.0.41
      Status:
      - 200 OK
      X-Current-Page:
      - '1'
      X-Next-Page:
      - '2'
      X-Powered-By:
      - Phusion Passenger 4.0.41
      X-Request-Id:
      - 2d25671c-dbdb-46db-8092-102ce1fa6acf
      X-Runtime:
      - '0.086720'
      X-Total-Count:
      - '2'
      X-Total-Pages:
      - '2'
      Transfer-Encoding:
      - chunked
      Connection:
      - keep-alive
    body:
      encoding: UTF-8
      string: '[{"id":18,"accessibility":["Disabled Restroom","Wheelchair"],"address":{"id":18,"street":"114
        Fifth Avenue","city":"Redwood City","state":"CA","zip":"94063"},"contacts":[{"id":26,"name":"Sharon
        Petersen","title":"Administrator"}],"coordinates":[-122.207057,37.468678],"description":"Provides
        free medical care to those in need. Offers basic medical exams for adults
        and tuberculosis screening. Assists the individual to access other services
        in the community. By appointment only, Project Smile provides a free dental
        exam, dental cleaning and oral hygiene instruction for children, age 3-12,
        of Samaritan House clients.","emails":["gracie@samaritanhouse.com"],"faxes":[{"id":18,"number":"650
        839-1457"}],"hours":"Monday-Friday, 9-12, 2-5","languages":["Spanish"],"mail_address":{"id":18,"attention":"Redwood
        City Free Medical Clinic","street":"114 Fifth Avenue","city":"Redwood City","state":"CA","zip":"94063"},"name":"Redwood
        City Free Medical Clinic","phones":[{"id":18,"number":"650 839-1447"}],"short_desc":"Provides
        free medical care to those in need.","slug":"redwood-city-free-medical-clinic","transportation":"SAMTRANS
        stops within 2 blocks.","updated_at":"2014-05-09T20:49:18.967-07:00","urls":["http://www.samaritanhouse.com"],"url":"http://ohana-api-test.herokuapp.com/api/locations/18","services":[{"id":18,"eligibility":"Low-income
        person without access to health care","fees":"None.","funding_sources":["Donations","Grants"],"keywords":["HEALTH
        SERVICES","Outpatient Care","Community Clinics"],"how_to_apply":"Call for
        screening appointment. Medical visits are by appointment only.","service_areas":["Atherton","East
        Palo Alto","Menlo Park","Redwood City","San Carlos"],"wait":"Varies.","updated_at":"2014-04-18T12:32:10.649-07:00"}],"organization":{"id":5,"name":"Samaritan
        House","slug":"samaritan-house","url":"http://ohana-api-test.herokuapp.com/api/organizations/5","locations_url":"http://ohana-api-test.herokuapp.com/api/organizations/5/locations"}}]'
    http_version: 
  recorded_at: Thu, 29 May 2014 20:14:02 GMT
- request:
    method: get
    uri: http://ohana-api-test.herokuapp.com/api/organizations/5/locations
    body:
      encoding: US-ASCII
      string: ''
    headers:
      Accept:
      - application/vnd.ohanapi-v1+json
      User-Agent:
      - Ohanakapa Ruby Gem 1.0.0
      X-Api-Token:
      - Ohana-API-Admin-Test
      Accept-Encoding:
      - gzip;q=1.0,deflate;q=0.6,identity;q=0.3
  response:
    status:
      code: 200
      message: OK
    headers:
      Cache-Control:
      - max-age=0, private, must-revalidate
      Content-Type:
      - application/json
      Date:
      - Thu, 29 May 2014 20:14:02 GMT
      Server:
      - nginx/1.4.7 + Phusion Passenger 4.0.41
      Status:
      - 200 OK
      X-Current-Page:
      - '1'
      X-Powered-By:
      - Phusion Passenger 4.0.41
      X-Request-Id:
      - cf4ba816-f3f5-4642-8311-23c66e055024
      X-Runtime:
      - '0.089616'
      X-Total-Count:
      - '2'
      X-Total-Pages:
      - '1'
      Content-Length:
      - '1258'
      Connection:
      - keep-alive
    body:
      encoding: UTF-8
      string: '[{"id":19,"accessibility":["Elevator","Ramp","Wheelchair"],"address":{"id":19,"street":"19
        West 39th Avenue","city":"San Mateo","state":"CA","zip":"94403"},"contacts":[{"id":27,"name":"Sharon
        Petersen","title":"Administrator"}],"coordinates":[-122.2931236,37.5326941],"description":"Provides
        free medical and dental care to those in need. Offers basic medical care for
        adults.","emails":["smcmed@samaritanhouse.com"],"faxes":[{"id":19,"number":"650
        578-0440"}],"hours":"Monday-Friday, 9-12, 1-4","languages":["Spanish"],"mail_address":{"id":19,"attention":"San
        Mateo Free Medical/Dental","street":"19 West 39th Avenue","city":"San Mateo","state":"CA","zip":"94403"},"name":"San
        Mateo Free Medical Clinic","phones":[{"id":19,"number":"650 578-0400"}],"short_desc":"Provides
        free medical and dental care to those in need. Offers basic medical care for
        adults.","slug":"san-mateo-free-medical-clinic","transportation":"SAMTRANS
        stops within 1 block.","updated_at":"2014-05-09T21:37:14.734-07:00","urls":["http://www.samaritanhouse.com"],"url":"http://ohana-api-test.herokuapp.com/api/locations/19","services":[{"id":19,"eligibility":"Low-income
        person without access to health care","fees":"None.","funding_sources":["Donations","Grants"],"keywords":["HEALTH
        SERVICES","Outpatient Care","Community Clinics"],"how_to_apply":"Call for
        screening appointment (650-347-3648).","service_areas":["Belmont","Burlingame","Foster
        City","Millbrae","San Carlos","San Mateo"],"wait":"Varies.","updated_at":"2014-04-18T12:32:11.921-07:00"}],"organization":{"id":5,"name":"Samaritan
        House","slug":"samaritan-house","url":"http://ohana-api-test.herokuapp.com/api/organizations/5","locations_url":"http://ohana-api-test.herokuapp.com/api/organizations/5/locations"}},{"id":18,"accessibility":["Disabled
        Restroom","Wheelchair"],"address":{"id":18,"street":"114 Fifth Avenue","city":"Redwood
        City","state":"CA","zip":"94063"},"contacts":[{"id":26,"name":"Sharon Petersen","title":"Administrator"}],"coordinates":[-122.207057,37.468678],"description":"Provides
        free medical care to those in need. Offers basic medical exams for adults
        and tuberculosis screening. Assists the individual to access other services
        in the community. By appointment only, Project Smile provides a free dental
        exam, dental cleaning and oral hygiene instruction for children, age 3-12,
        of Samaritan House clients.","emails":["gracie@samaritanhouse.com"],"faxes":[{"id":18,"number":"650
        839-1457"}],"hours":"Monday-Friday, 9-12, 2-5","languages":["Spanish"],"mail_address":{"id":18,"attention":"Redwood
        City Free Medical Clinic","street":"114 Fifth Avenue","city":"Redwood City","state":"CA","zip":"94063"},"name":"Redwood
        City Free Medical Clinic","phones":[{"id":18,"number":"650 839-1447"}],"short_desc":"Provides
        free medical care to those in need.","slug":"redwood-city-free-medical-clinic","transportation":"SAMTRANS
        stops within 2 blocks.","updated_at":"2014-05-09T20:49:18.967-07:00","urls":["http://www.samaritanhouse.com"],"url":"http://ohana-api-test.herokuapp.com/api/locations/18","services":[{"id":18,"eligibility":"Low-income
        person without access to health care","fees":"None.","funding_sources":["Donations","Grants"],"keywords":["HEALTH
        SERVICES","Outpatient Care","Community Clinics"],"how_to_apply":"Call for
        screening appointment. Medical visits are by appointment only.","service_areas":["Atherton","East
        Palo Alto","Menlo Park","Redwood City","San Carlos"],"wait":"Varies.","updated_at":"2014-04-18T12:32:10.649-07:00"}],"organization":{"id":5,"name":"Samaritan
        House","slug":"samaritan-house","url":"http://ohana-api-test.herokuapp.com/api/organizations/5","locations_url":"http://ohana-api-test.herokuapp.com/api/organizations/5/locations"}}]'
    http_version: 
  recorded_at: Thu, 29 May 2014 20:14:02 GMT
recorded_with: VCR 2.9.2
