---
http_interactions:
- request:
    method: get
    uri: http://ohana-api-test.herokuapp.com/api/locations/admin-test-location?api_token=Ohana-API-Admin-Test
    body:
      encoding: US-ASCII
      string: ''
    headers:
      Accept:
      - application/vnd.ohanapi-v1+json
      User-Agent:
      - Ohanakapa Ruby Gem 1.0.0
      X-Api-Token:
      - Ohana-API-Admin-Test
      Accept-Encoding:
      - gzip;q=1.0,deflate;q=0.6,identity;q=0.3
  response:
    status:
      code: 200
      message: OK
    headers:
      Cache-Control:
      - max-age=0, private, must-revalidate
      Content-Type:
      - application/json
      Date:
      - Thu, 29 May 2014 20:20:03 GMT
      Server:
      - nginx/1.4.7 + Phusion Passenger 4.0.41
      Status:
      - 200 OK
      X-Powered-By:
      - Phusion Passenger 4.0.41
      X-Request-Id:
      - 8e8dc641-33c7-4a97-a8a6-efb1e366abc1
      X-Runtime:
      - '0.068540'
      Content-Length:
      - '621'
      Connection:
      - keep-alive
    body:
      encoding: UTF-8
      string: '{"id":21,"accessibility":["Disabled Restroom"],"address":{"id":20,"street":"bozo","city":"fairfax","state":"va","zip":"12345"},"contacts":[{"id":37,"name":"Moncef
        Belyamani-Belyamani","title":"Director of Development and Operations","phone":"703-555-1212","email":"moncefbelyamani@samaritanhousesanmateo.org","fax":"703-555-1234"}],"coordinates":[-73.9395687,42.8142432],"description":"This
        is a description","emails":["eml@example.org"],"faxes":[{"id":31,"number":"2025551212","department":"CalFresh"}],"hours":"Monday-Friday
        10am-5pm","name":"Admin Test Location","phones":[{"id":34,"department":"CalFresh","extension":"x1223","number":"7035551212","vanity_number":"703555-ABCD"}],"short_desc":"This
        is a short description","slug":"admin-test-location","updated_at":"2014-05-29T13:20:01.956-07:00","urls":["http://codeforamerica.org"],"url":"http://ohana-api-test.herokuapp.com/api/locations/21","services":[{"id":21,"service_areas":["Atherton"],"updated_at":"2014-05-29T13:20:01.948-07:00"}],"organization":{"id":7,"name":"Admin
        Test Org","slug":"admin-test-org","url":"http://ohana-api-test.herokuapp.com/api/organizations/7","locations_url":"http://ohana-api-test.herokuapp.com/api/organizations/7/locations"}}'
    http_version: 
  recorded_at: Thu, 29 May 2014 20:20:03 GMT
- request:
    method: put
    uri: http://ohana-api-test.herokuapp.com/api/organizations/7?api_token=Ohana-API-Admin-Test&name=Admin%20Test%20Org
    body:
      encoding: UTF-8
      string: "{}"
    headers:
      Accept:
      - application/vnd.ohanapi-v1+json
      User-Agent:
      - Ohanakapa Ruby Gem 1.0.0
      X-Api-Token:
      - Ohana-API-Admin-Test
      Accept-Encoding:
      - gzip;q=1.0,deflate;q=0.6,identity;q=0.3
  response:
    status:
      code: 200
      message: OK
    headers:
      Cache-Control:
      - max-age=0, private, must-revalidate
      Content-Type:
      - application/json
      Date:
      - Thu, 29 May 2014 20:20:05 GMT
      Server:
      - nginx/1.4.7 + Phusion Passenger 4.0.41
      Status:
      - 200 OK
      X-Powered-By:
      - Phusion Passenger 4.0.41
      X-Request-Id:
      - e8442c09-7e95-46bb-ac0f-8913148d342d
      X-Runtime:
      - '0.032668'
      Content-Length:
      - '148'
      Connection:
      - keep-alive
    body:
      encoding: UTF-8
      string: '{"id":7,"name":"Admin Test Org","slug":"admin-test-org","url":"http://ohana-api-test.herokuapp.com/api/organizations/7","locations_url":"http://ohana-api-test.herokuapp.com/api/organizations/7/locations"}'
    http_version: 
  recorded_at: Thu, 29 May 2014 20:20:05 GMT
- request:
    method: patch
    uri: http://ohana-api-test.herokuapp.com/api/locations/21/address?api_token=Ohana-API-Admin-Test&city=fairfax&new&state=va&street=bozo&zip=12345
    body:
      encoding: UTF-8
      string: "{}"
    headers:
      Accept:
      - application/vnd.ohanapi-v1+json
      User-Agent:
      - Ohanakapa Ruby Gem 1.0.0
      X-Api-Token:
      - Ohana-API-Admin-Test
      Accept-Encoding:
      - gzip;q=1.0,deflate;q=0.6,identity;q=0.3
  response:
    status:
      code: 200
      message: OK
    headers:
      Cache-Control:
      - max-age=0, private, must-revalidate
      Content-Type:
      - application/json
      Date:
      - Thu, 29 May 2014 20:20:05 GMT
      Server:
      - nginx/1.4.7 + Phusion Passenger 4.0.41
      Status:
      - 200 OK
      X-Powered-By:
      - Phusion Passenger 4.0.41
      X-Request-Id:
      - 65f615f9-a751-4aa0-8d52-8a4d158d0904
      X-Runtime:
      - '0.038399'
      Content-Length:
      - '148'
      Connection:
      - keep-alive
    body:
      encoding: UTF-8
      string: '{"id":20,"location_id":21,"street":"bozo","city":"fairfax","state":"va","zip":"12345","created_at":"2014-04-18T12:32:12.937-07:00","updated_at":"2014-04-18T12:32:12.937-07:00"}'
    http_version: 
  recorded_at: Thu, 29 May 2014 20:20:05 GMT
- request:
    method: put
    uri: http://ohana-api-test.herokuapp.com/api/locations/21?accessibility%5B0%5D=restroom&admin_emails&api_token=Ohana-API-Admin-Test&description=This%20is%20a%20description&emails%5B0%5D=eml@example.org&hours=Monday-Friday%2010am-5pm&name=Admin%20Test%20Location&short_desc=This%20is%20a%20short%20description&transportation=&urls%5B0%5D=http://codeforamerica.org
    body:
      encoding: UTF-8
      string: "{}"
    headers:
      Accept:
      - application/vnd.ohanapi-v1+json
      User-Agent:
      - Ohanakapa Ruby Gem 1.0.0
      X-Api-Token:
      - Ohana-API-Admin-Test
      Accept-Encoding:
      - gzip;q=1.0,deflate;q=0.6,identity;q=0.3
  response:
    status:
      code: 200
      message: OK
    headers:
      Cache-Control:
      - max-age=0, private, must-revalidate
      Content-Type:
      - application/json
      Date:
      - Thu, 29 May 2014 20:20:05 GMT
      Server:
      - nginx/1.4.7 + Phusion Passenger 4.0.41
      Status:
      - 200 OK
      X-Powered-By:
      - Phusion Passenger 4.0.41
      X-Request-Id:
      - ff87c2ae-e852-46da-9b60-f1354c6fda67
      X-Runtime:
      - '0.103403'
      Content-Length:
      - '630'
      Connection:
      - keep-alive
    body:
      encoding: UTF-8
      string: '{"id":21,"accessibility":["Disabled Restroom"],"address":{"id":20,"street":"bozo","city":"fairfax","state":"va","zip":"12345"},"contacts":[{"id":37,"name":"Moncef
        Belyamani-Belyamani","title":"Director of Development and Operations","phone":"703-555-1212","email":"moncefbelyamani@samaritanhousesanmateo.org","fax":"703-555-1234"}],"coordinates":[-73.9395687,42.8142432],"description":"This
        is a description","emails":["eml@example.org"],"faxes":[{"id":31,"number":"2025551212","department":"CalFresh"}],"hours":"Monday-Friday
        10am-5pm","name":"Admin Test Location","phones":[{"id":34,"department":"CalFresh","extension":"x1223","number":"7035551212","vanity_number":"703555-ABCD"}],"short_desc":"This
        is a short description","slug":"admin-test-location","updated_at":"2014-05-29T13:20:05.272-07:00","urls":["http://codeforamerica.org"],"url":"http://ohana-api-test.herokuapp.com/api/locations/21","services":[{"id":21,"service_areas":["Atherton"],"updated_at":"2014-05-29T13:20:01.948-07:00"}],"organization":{"id":7,"name":"Admin
        Test Org","slug":"admin-test-org","url":"http://ohana-api-test.herokuapp.com/api/organizations/7","locations_url":"http://ohana-api-test.herokuapp.com/api/organizations/7/locations"}}'
    http_version: 
  recorded_at: Thu, 29 May 2014 20:20:05 GMT
- request:
    method: patch
    uri: http://ohana-api-test.herokuapp.com/api/locations/21/contacts/37?api_token=Ohana-API-Admin-Test&email=moncefbelyamani@samaritanhousesanmateo.org&extension=&fax=703-555-1234&name=Moncef%20Belyamani-Belyamani&phone=703-555-1212&title=Director%20of%20Development%20and%20Operations
    body:
      encoding: UTF-8
      string: "{}"
    headers:
      Accept:
      - application/vnd.ohanapi-v1+json
      User-Agent:
      - Ohanakapa Ruby Gem 1.0.0
      X-Api-Token:
      - Ohana-API-Admin-Test
      Accept-Encoding:
      - gzip;q=1.0,deflate;q=0.6,identity;q=0.3
  response:
    status:
      code: 200
      message: OK
    headers:
      Cache-Control:
      - max-age=0, private, must-revalidate
      Content-Type:
      - application/json
      Date:
      - Thu, 29 May 2014 20:20:05 GMT
      Server:
      - nginx/1.4.7 + Phusion Passenger 4.0.41
      Status:
      - 200 OK
      X-Powered-By:
      - Phusion Passenger 4.0.41
      X-Request-Id:
      - 5d93e8a8-55b8-4a27-9f37-074547fad805
      X-Runtime:
      - '0.036929'
      Transfer-Encoding:
      - chunked
      Connection:
      - keep-alive
    body:
      encoding: UTF-8
      string: '{"id":37,"name":"Moncef Belyamani-Belyamani","title":"Director of Development
        and Operations","phone":"703-555-1212","email":"moncefbelyamani@samaritanhousesanmateo.org","fax":"703-555-1234"}'
    http_version: 
  recorded_at: Thu, 29 May 2014 20:20:05 GMT
- request:
    method: patch
    uri: http://ohana-api-test.herokuapp.com/api/locations/21/faxes/31?api_token=Ohana-API-Admin-Test&department=CalFresh&number=2025551212
    body:
      encoding: UTF-8
      string: "{}"
    headers:
      Accept:
      - application/vnd.ohanapi-v1+json
      User-Agent:
      - Ohanakapa Ruby Gem 1.0.0
      X-Api-Token:
      - Ohana-API-Admin-Test
      Accept-Encoding:
      - gzip;q=1.0,deflate;q=0.6,identity;q=0.3
  response:
    status:
      code: 200
      message: OK
    headers:
      Cache-Control:
      - max-age=0, private, must-revalidate
      Content-Type:
      - application/json
      Date:
      - Thu, 29 May 2014 20:20:05 GMT
      Etag:
      - '"7e0df6f14a406109e5fc5f70643bb9ac"'
      Server:
      - nginx/1.4.7 + Phusion Passenger 4.0.41
      Status:
      - 200 OK
      X-Powered-By:
      - Phusion Passenger 4.0.41
      X-Request-Id:
      - 9de73f87-0e0e-4561-98cc-3a8bf7fb8166
      X-Runtime:
      - '0.039576'
      Content-Length:
      - '55'
      Connection:
      - keep-alive
    body:
      encoding: UTF-8
      string: '{"id":31,"number":"2025551212","department":"CalFresh"}'
    http_version: 
  recorded_at: Thu, 29 May 2014 20:20:05 GMT
- request:
    method: patch
    uri: http://ohana-api-test.herokuapp.com/api/locations/21/phones/34?api_token=Ohana-API-Admin-Test&department=CalFresh&extension=x1223&hours=&number=7035551212&vanity_number=703555-ABCD
    body:
      encoding: UTF-8
      string: "{}"
    headers:
      Accept:
      - application/vnd.ohanapi-v1+json
      User-Agent:
      - Ohanakapa Ruby Gem 1.0.0
      X-Api-Token:
      - Ohana-API-Admin-Test
      Accept-Encoding:
      - gzip;q=1.0,deflate;q=0.6,identity;q=0.3
  response:
    status:
      code: 200
      message: OK
    headers:
      Cache-Control:
      - max-age=0, private, must-revalidate
      Content-Type:
      - application/json
      Date:
      - Thu, 29 May 2014 20:20:05 GMT
      Etag:
      - '"c270740831d1d25b344c45eb51a7cbe9"'
      Server:
      - nginx/1.4.7 + Phusion Passenger 4.0.41
      Status:
      - 200 OK
      X-Powered-By:
      - Phusion Passenger 4.0.41
      X-Request-Id:
      - 3fc604e0-5a45-412e-8330-e6c7639ff209
      X-Runtime:
      - '0.033330'
      Content-Length:
      - '105'
      Connection:
      - keep-alive
    body:
      encoding: UTF-8
      string: '{"id":34,"department":"CalFresh","extension":"x1223","number":"7035551212","vanity_number":"703555-ABCD"}'
    http_version: 
  recorded_at: Thu, 29 May 2014 20:20:05 GMT
- request:
    method: put
    uri: http://ohana-api-test.herokuapp.com/api/services/21?api_token=Ohana-API-Admin-Test&audience=&eligibility=&fees=&how_to_apply=&keywords&service_areas%5B0%5D=Atherton&wait=
    body:
      encoding: UTF-8
      string: "{}"
    headers:
      Accept:
      - application/vnd.ohanapi-v1+json
      User-Agent:
      - Ohanakapa Ruby Gem 1.0.0
      X-Api-Token:
      - Ohana-API-Admin-Test
      Accept-Encoding:
      - gzip;q=1.0,deflate;q=0.6,identity;q=0.3
  response:
    status:
      code: 200
      message: OK
    headers:
      Cache-Control:
      - max-age=0, private, must-revalidate
      Content-Type:
      - application/json
      Date:
      - Thu, 29 May 2014 20:20:05 GMT
      Etag:
      - '"6baccd276873520a161b59a6463e5f99"'
      Server:
      - nginx/1.4.7 + Phusion Passenger 4.0.41
      Status:
      - 200 OK
      X-Powered-By:
      - Phusion Passenger 4.0.41
      X-Request-Id:
      - f98e3e08-0661-47e1-9e88-27d03292718b
      X-Runtime:
      - '0.042418'
      Content-Length:
      - '83'
      Connection:
      - keep-alive
    body:
      encoding: UTF-8
      string: '{"id":21,"service_areas":["Atherton"],"updated_at":"2014-05-29T13:20:05.826-07:00"}'
    http_version: 
  recorded_at: Thu, 29 May 2014 20:20:05 GMT
- request:
    method: put
    uri: http://ohana-api-test.herokuapp.com/api/services/21/categories?api_token=Ohana-API-Admin-Test&category_slugs
    body:
      encoding: UTF-8
      string: "{}"
    headers:
      Accept:
      - application/vnd.ohanapi-v1+json
      User-Agent:
      - Ohanakapa Ruby Gem 1.0.0
      X-Api-Token:
      - Ohana-API-Admin-Test
      Accept-Encoding:
      - gzip;q=1.0,deflate;q=0.6,identity;q=0.3
  response:
    status:
      code: 200
      message: OK
    headers:
      Cache-Control:
      - max-age=0, private, must-revalidate
      Content-Type:
      - application/json
      Date:
      - Thu, 29 May 2014 20:20:05 GMT
      Etag:
      - '"9fbef57790451948da1f74bf6b30f5f2"'
      Server:
      - nginx/1.4.7 + Phusion Passenger 4.0.41
      Status:
      - 200 OK
      X-Powered-By:
      - Phusion Passenger 4.0.41
      X-Request-Id:
      - 3ea45ade-3419-4f44-8e84-d8285b73a867
      X-Runtime:
      - '0.047297'
      Content-Length:
      - '83'
      Connection:
      - keep-alive
    body:
      encoding: UTF-8
      string: '{"id":21,"service_areas":["Atherton"],"updated_at":"2014-05-29T13:20:05.916-07:00"}'
    http_version: 
  recorded_at: Thu, 29 May 2014 20:20:05 GMT
- request:
    method: get
    uri: http://ohana-api-test.herokuapp.com/api/locations/21?api_token=Ohana-API-Admin-Test
    body:
      encoding: US-ASCII
      string: ''
    headers:
      Accept:
      - application/vnd.ohanapi-v1+json
      User-Agent:
      - Ohanakapa Ruby Gem 1.0.0
      X-Api-Token:
      - Ohana-API-Admin-Test
      Accept-Encoding:
      - gzip;q=1.0,deflate;q=0.6,identity;q=0.3
  response:
    status:
      code: 200
      message: OK
    headers:
      Cache-Control:
      - max-age=0, private, must-revalidate
      Content-Type:
      - application/json
      Date:
      - Thu, 29 May 2014 20:20:06 GMT
      Server:
      - nginx/1.4.7 + Phusion Passenger 4.0.41
      Status:
      - 200 OK
      X-Powered-By:
      - Phusion Passenger 4.0.41
      X-Request-Id:
      - ff6d5182-c153-45c6-a2dc-29da96c3df5a
      X-Runtime:
      - '0.056664'
      Content-Length:
      - '621'
      Connection:
      - keep-alive
    body:
      encoding: UTF-8
      string: '{"id":21,"accessibility":["Disabled Restroom"],"address":{"id":20,"street":"bozo","city":"fairfax","state":"va","zip":"12345"},"contacts":[{"id":37,"name":"Moncef
        Belyamani-Belyamani","title":"Director of Development and Operations","phone":"703-555-1212","email":"moncefbelyamani@samaritanhousesanmateo.org","fax":"703-555-1234"}],"coordinates":[-73.9395687,42.8142432],"description":"This
        is a description","emails":["eml@example.org"],"faxes":[{"id":31,"number":"2025551212","department":"CalFresh"}],"hours":"Monday-Friday
        10am-5pm","name":"Admin Test Location","phones":[{"id":34,"department":"CalFresh","extension":"x1223","number":"7035551212","vanity_number":"703555-ABCD"}],"short_desc":"This
        is a short description","slug":"admin-test-location","updated_at":"2014-05-29T13:20:05.924-07:00","urls":["http://codeforamerica.org"],"url":"http://ohana-api-test.herokuapp.com/api/locations/21","services":[{"id":21,"service_areas":["Atherton"],"updated_at":"2014-05-29T13:20:05.916-07:00"}],"organization":{"id":7,"name":"Admin
        Test Org","slug":"admin-test-org","url":"http://ohana-api-test.herokuapp.com/api/organizations/7","locations_url":"http://ohana-api-test.herokuapp.com/api/organizations/7/locations"}}'
    http_version: 
  recorded_at: Thu, 29 May 2014 20:20:06 GMT
- request:
    method: get
    uri: http://ohana-api-test.herokuapp.com/api/locations/admin-test-location?api_token=Ohana-API-Admin-Test
    body:
      encoding: US-ASCII
      string: ''
    headers:
      Accept:
      - application/vnd.ohanapi-v1+json
      User-Agent:
      - Ohanakapa Ruby Gem 1.0.0
      X-Api-Token:
      - Ohana-API-Admin-Test
      Accept-Encoding:
      - gzip;q=1.0,deflate;q=0.6,identity;q=0.3
  response:
    status:
      code: 200
      message: OK
    headers:
      Cache-Control:
      - max-age=0, private, must-revalidate
      Content-Type:
      - application/json
      Date:
      - Thu, 29 May 2014 20:20:06 GMT
      Server:
      - nginx/1.4.7 + Phusion Passenger 4.0.41
      Status:
      - 200 OK
      X-Powered-By:
      - Phusion Passenger 4.0.41
      X-Request-Id:
      - b122e2d5-2416-4379-8f8b-f8253a7dda35
      X-Runtime:
      - '0.047087'
      Content-Length:
      - '627'
      Connection:
      - keep-alive
    body:
      encoding: UTF-8
      string: '{"id":21,"accessibility":["Disabled Restroom"],"address":{"id":20,"street":"bozo","city":"fairfax","state":"va","zip":"12345"},"contacts":[{"id":37,"name":"Moncef
        Belyamani-Belyamani","title":"Director of Development and Operations","phone":"703-555-1212","email":"moncefbelyamani@samaritanhousesanmateo.org","fax":"703-555-1234"}],"coordinates":[-73.9395687,42.8142432],"description":"This
        is a description","emails":["eml@example.org"],"faxes":[{"id":31,"number":"2025551212","department":"CalFresh"}],"hours":"Monday-Friday
        10am-5pm","name":"Admin Test Location","phones":[{"id":34,"department":"CalFresh","extension":"x1223","number":"7035551212","vanity_number":"703555-ABCD"}],"short_desc":"This
        is a short description","slug":"admin-test-location","updated_at":"2014-05-29T13:20:05.924-07:00","urls":["http://codeforamerica.org"],"url":"http://ohana-api-test.herokuapp.com/api/locations/21","services":[{"id":21,"service_areas":["Atherton"],"updated_at":"2014-05-29T13:20:05.916-07:00"}],"organization":{"id":7,"name":"Admin
        Test Org","slug":"admin-test-org","url":"http://ohana-api-test.herokuapp.com/api/organizations/7","locations_url":"http://ohana-api-test.herokuapp.com/api/organizations/7/locations"}}'
    http_version: 
  recorded_at: Thu, 29 May 2014 20:20:06 GMT
recorded_with: VCR 2.9.2
