---
http_interactions:
- request:
    method: get
    uri: http://ohana-api-test.herokuapp.com/api/locations/admin-test-location?api_token=Ohana-API-Admin-Test
    body:
      encoding: US-ASCII
      string: ''
    headers:
      Accept:
      - application/vnd.ohanapi-v1+json
      User-Agent:
      - Ohanakapa Ruby Gem 1.0.0
      X-Api-Token:
      - Ohana-API-Admin-Test
      Accept-Encoding:
      - gzip;q=1.0,deflate;q=0.6,identity;q=0.3
  response:
    status:
      code: 200
      message: OK
    headers:
      Cache-Control:
      - max-age=0, private, must-revalidate
      Content-Type:
      - application/json
      Date:
      - Thu, 29 May 2014 20:19:30 GMT
      Server:
      - nginx/1.4.7 + Phusion Passenger 4.0.41
      Status:
      - 200 OK
      X-Powered-By:
      - Phusion Passenger 4.0.41
      X-Request-Id:
      - e6d190aa-21b3-4fbd-a39d-ed143d6a0f79
      X-Runtime:
      - '0.041716'
      Content-Length:
      - '607'
      Connection:
      - keep-alive
    body:
      encoding: UTF-8
      string: '{"id":21,"accessibility":["Disabled Restroom"],"address":{"id":20,"street":"bozo","city":"fairfax","state":"va","zip":"12345"},"contacts":[{"id":37,"name":"Moncef
        Belyamani-Belyamani","title":"Director of Development and Operations","phone":"703-555-1212","email":"moncefbelyamani@samaritanhousesanmateo.org","fax":"703-555-1234"}],"coordinates":[-73.9395687,42.8142432],"description":"This
        is a description","emails":["eml@example.org"],"faxes":[{"id":31,"number":"2025551212","department":"CalFresh"}],"name":"Admin
        Test Location","phones":[{"id":34,"department":"CalFresh","extension":"x1223","number":"7035551212","vanity_number":"703555-ABCD"}],"short_desc":"This
        is a short description","slug":"admin-test-location","updated_at":"2014-05-29T13:19:16.320-07:00","urls":["http://codeforamerica.org"],"url":"http://ohana-api-test.herokuapp.com/api/locations/21","services":[{"id":21,"service_areas":["Atherton"],"updated_at":"2014-05-29T13:19:16.312-07:00"}],"organization":{"id":7,"name":"Admin
        Test Org","slug":"admin-test-org","url":"http://ohana-api-test.herokuapp.com/api/organizations/7","locations_url":"http://ohana-api-test.herokuapp.com/api/organizations/7/locations"}}'
    http_version: 
  recorded_at: Thu, 29 May 2014 20:19:30 GMT
- request:
    method: put
    uri: http://ohana-api-test.herokuapp.com/api/organizations/7?api_token=Ohana-API-Admin-Test&name=Admin%20Test%20Org
    body:
      encoding: UTF-8
      string: "{}"
    headers:
      Accept:
      - application/vnd.ohanapi-v1+json
      User-Agent:
      - Ohanakapa Ruby Gem 1.0.0
      X-Api-Token:
      - Ohana-API-Admin-Test
      Accept-Encoding:
      - gzip;q=1.0,deflate;q=0.6,identity;q=0.3
  response:
    status:
      code: 200
      message: OK
    headers:
      Cache-Control:
      - max-age=0, private, must-revalidate
      Content-Type:
      - application/json
      Date:
      - Thu, 29 May 2014 20:19:31 GMT
      Server:
      - nginx/1.4.7 + Phusion Passenger 4.0.41
      Status:
      - 200 OK
      X-Powered-By:
      - Phusion Passenger 4.0.41
      X-Request-Id:
      - 7bea19d6-9f13-4c31-a200-7303ef454547
      X-Runtime:
      - '0.034242'
      Content-Length:
      - '148'
      Connection:
      - keep-alive
    body:
      encoding: UTF-8
      string: '{"id":7,"name":"Admin Test Org","slug":"admin-test-org","url":"http://ohana-api-test.herokuapp.com/api/organizations/7","locations_url":"http://ohana-api-test.herokuapp.com/api/organizations/7/locations"}'
    http_version: 
  recorded_at: Thu, 29 May 2014 20:19:31 GMT
- request:
    method: patch
    uri: http://ohana-api-test.herokuapp.com/api/locations/21/address?api_token=Ohana-API-Admin-Test&city=&new&state=CA&street=123&zip=12345
    body:
      encoding: UTF-8
      string: "{}"
    headers:
      Accept:
      - application/vnd.ohanapi-v1+json
      User-Agent:
      - Ohanakapa Ruby Gem 1.0.0
      X-Api-Token:
      - Ohana-API-Admin-Test
      Accept-Encoding:
      - gzip;q=1.0,deflate;q=0.6,identity;q=0.3
  response:
    status:
      code: 400
      message: Bad Request
    headers:
      Cache-Control:
      - no-cache
      Content-Type:
      - application/json
      Date:
      - Thu, 29 May 2014 20:19:31 GMT
      Server:
      - nginx/1.4.7 + Phusion Passenger 4.0.41
      Status:
      - 400 Bad Request
      X-Powered-By:
      - Phusion Passenger 4.0.41
      X-Request-Id:
      - be7b167e-fef9-497f-8715-83b8e401b674
      X-Runtime:
      - '0.029766'
      Content-Length:
      - '64'
      Connection:
      - keep-alive
    body:
      encoding: UTF-8
      string: '{"message":"Validation failed: City can''t be blank for Address"}'
    http_version: 
  recorded_at: Thu, 29 May 2014 20:19:31 GMT
- request:
    method: get
    uri: http://ohana-api-test.herokuapp.com/api/locations/admin-test-location?api_token=Ohana-API-Admin-Test
    body:
      encoding: US-ASCII
      string: ''
    headers:
      Accept:
      - application/vnd.ohanapi-v1+json
      User-Agent:
      - Ohanakapa Ruby Gem 1.0.0
      X-Api-Token:
      - Ohana-API-Admin-Test
      Accept-Encoding:
      - gzip;q=1.0,deflate;q=0.6,identity;q=0.3
  response:
    status:
      code: 200
      message: OK
    headers:
      Cache-Control:
      - max-age=0, private, must-revalidate
      Content-Type:
      - application/json
      Date:
      - Thu, 29 May 2014 20:19:31 GMT
      Server:
      - nginx/1.4.7 + Phusion Passenger 4.0.41
      Status:
      - 200 OK
      X-Powered-By:
      - Phusion Passenger 4.0.41
      X-Request-Id:
      - 420e4c56-e193-4a06-9686-24065f02e395
      X-Runtime:
      - '0.052354'
      Content-Length:
      - '601'
      Connection:
      - keep-alive
    body:
      encoding: UTF-8
      string: '{"id":21,"accessibility":["Disabled Restroom"],"address":{"id":20,"street":"bozo","city":"fairfax","state":"va","zip":"12345"},"contacts":[{"id":37,"name":"Moncef
        Belyamani-Belyamani","title":"Director of Development and Operations","phone":"703-555-1212","email":"moncefbelyamani@samaritanhousesanmateo.org","fax":"703-555-1234"}],"coordinates":[-73.9395687,42.8142432],"description":"This
        is a description","emails":["eml@example.org"],"faxes":[{"id":31,"number":"2025551212","department":"CalFresh"}],"name":"Admin
        Test Location","phones":[{"id":34,"department":"CalFresh","extension":"x1223","number":"7035551212","vanity_number":"703555-ABCD"}],"short_desc":"This
        is a short description","slug":"admin-test-location","updated_at":"2014-05-29T13:19:16.320-07:00","urls":["http://codeforamerica.org"],"url":"http://ohana-api-test.herokuapp.com/api/locations/21","services":[{"id":21,"service_areas":["Atherton"],"updated_at":"2014-05-29T13:19:16.312-07:00"}],"organization":{"id":7,"name":"Admin
        Test Org","slug":"admin-test-org","url":"http://ohana-api-test.herokuapp.com/api/organizations/7","locations_url":"http://ohana-api-test.herokuapp.com/api/organizations/7/locations"}}'
    http_version: 
  recorded_at: Thu, 29 May 2014 20:19:31 GMT
recorded_with: VCR 2.9.2
