---
http_interactions:
- request:
    method: get
    uri: http://ohana-api-test.herokuapp.com/api/locations/admin-test-location?api_token=Ohana-API-Admin-Test
    body:
      encoding: US-ASCII
      string: ''
    headers:
      Accept:
      - application/vnd.ohanapi-v1+json
      User-Agent:
      - Ohanakapa Ruby Gem 1.0.0
      X-Api-Token:
      - Ohana-API-Admin-Test
      Accept-Encoding:
      - gzip;q=1.0,deflate;q=0.6,identity;q=0.3
  response:
    status:
      code: 200
      message: OK
    headers:
      Cache-Control:
      - max-age=0, private, must-revalidate
      Content-Type:
      - application/json
      Date:
      - Thu, 29 May 2014 20:21:06 GMT
      Server:
      - nginx/1.4.7 + Phusion Passenger 4.0.41
      Status:
      - 200 OK
      X-Powered-By:
      - Phusion Passenger 4.0.41
      X-Request-Id:
      - 112aee57-c358-4e32-8914-f2f6707d0f75
      X-Runtime:
      - '0.216081'
      Transfer-Encoding:
      - chunked
      Connection:
      - keep-alive
    body:
      encoding: UTF-8
      string: '{"id":21,"accessibility":["Disabled Restroom"],"address":{"id":20,"street":"bozo","city":"fairfax","state":"va","zip":"12345"},"contacts":[{"id":37,"name":"Moncef
        Belyamani-Belyamani","title":"Director of Development and Operations","phone":"703-555-1212","email":"moncefbelyamani@samaritanhousesanmateo.org","fax":"703-555-1234"}],"coordinates":[-73.9395687,42.8142432],"description":"This
        is a description","emails":["moncefbelyamani@samaritanhousesanmateo.org"],"faxes":[{"id":31,"number":"2025551212","department":"CalFresh"}],"hours":"Monday-Friday
        10am-5pm","name":"Admin Test Location","phones":[{"id":34,"department":"CalFresh","extension":"x1223","number":"7035551212","vanity_number":"703555-ABCD"}],"short_desc":"This
        is a short description","slug":"admin-test-location","updated_at":"2014-05-29T13:21:03.997-07:00","urls":["http://codeforamerica.org"],"url":"http://ohana-api-test.herokuapp.com/api/locations/21","services":[{"id":21,"service_areas":["Atherton"],"updated_at":"2014-05-29T13:21:03.988-07:00"}],"organization":{"id":7,"name":"Admin
        Test Org","slug":"admin-test-org","url":"http://ohana-api-test.herokuapp.com/api/organizations/7","locations_url":"http://ohana-api-test.herokuapp.com/api/organizations/7/locations"}}'
    http_version: 
  recorded_at: Thu, 29 May 2014 20:21:06 GMT
- request:
    method: put
    uri: http://ohana-api-test.herokuapp.com/api/organizations/7?api_token=Ohana-API-Admin-Test&name=Admin%20Test%20Org
    body:
      encoding: UTF-8
      string: "{}"
    headers:
      Accept:
      - application/vnd.ohanapi-v1+json
      User-Agent:
      - Ohanakapa Ruby Gem 1.0.0
      X-Api-Token:
      - Ohana-API-Admin-Test
      Accept-Encoding:
      - gzip;q=1.0,deflate;q=0.6,identity;q=0.3
  response:
    status:
      code: 200
      message: OK
    headers:
      Cache-Control:
      - max-age=0, private, must-revalidate
      Content-Type:
      - application/json
      Date:
      - Thu, 29 May 2014 20:21:09 GMT
      Server:
      - nginx/1.4.7 + Phusion Passenger 4.0.41
      Status:
      - 200 OK
      X-Powered-By:
      - Phusion Passenger 4.0.41
      X-Request-Id:
      - 22eb28f0-f9c2-47f7-8c06-833776a99e93
      X-Runtime:
      - '0.038194'
      Content-Length:
      - '148'
      Connection:
      - keep-alive
    body:
      encoding: UTF-8
      string: '{"id":7,"name":"Admin Test Org","slug":"admin-test-org","url":"http://ohana-api-test.herokuapp.com/api/organizations/7","locations_url":"http://ohana-api-test.herokuapp.com/api/organizations/7/locations"}'
    http_version: 
  recorded_at: Thu, 29 May 2014 20:21:09 GMT
- request:
    method: patch
    uri: http://ohana-api-test.herokuapp.com/api/locations/21/address?api_token=Ohana-API-Admin-Test&city=fairfax&new&state=va&street=bozo&zip=12345
    body:
      encoding: UTF-8
      string: "{}"
    headers:
      Accept:
      - application/vnd.ohanapi-v1+json
      User-Agent:
      - Ohanakapa Ruby Gem 1.0.0
      X-Api-Token:
      - Ohana-API-Admin-Test
      Accept-Encoding:
      - gzip;q=1.0,deflate;q=0.6,identity;q=0.3
  response:
    status:
      code: 200
      message: OK
    headers:
      Cache-Control:
      - max-age=0, private, must-revalidate
      Content-Type:
      - application/json
      Date:
      - Thu, 29 May 2014 20:21:09 GMT
      Server:
      - nginx/1.4.7 + Phusion Passenger 4.0.41
      Status:
      - 200 OK
      X-Powered-By:
      - Phusion Passenger 4.0.41
      X-Request-Id:
      - 8bbf51a1-50e7-4885-85d1-0da716bcd0ff
      X-Runtime:
      - '0.050186'
      Content-Length:
      - '148'
      Connection:
      - keep-alive
    body:
      encoding: UTF-8
      string: '{"id":20,"location_id":21,"street":"bozo","city":"fairfax","state":"va","zip":"12345","created_at":"2014-04-18T12:32:12.937-07:00","updated_at":"2014-04-18T12:32:12.937-07:00"}'
    http_version: 
  recorded_at: Thu, 29 May 2014 20:21:09 GMT
- request:
    method: put
    uri: http://ohana-api-test.herokuapp.com/api/locations/21?accessibility%5B0%5D=restroom&admin_emails&api_token=Ohana-API-Admin-Test&description=This%20is%20a%20description&emails%5B0%5D=moncefbelyamani@samaritanhousesanmateo.org&hours=Monday-Friday%2010am-5pm&name=Admin%20Test%20Location&short_desc=This%20is%20a%20short%20description&transportation=&urls%5B0%5D=http://codeforamerica.org
    body:
      encoding: UTF-8
      string: "{}"
    headers:
      Accept:
      - application/vnd.ohanapi-v1+json
      User-Agent:
      - Ohanakapa Ruby Gem 1.0.0
      X-Api-Token:
      - Ohana-API-Admin-Test
      Accept-Encoding:
      - gzip;q=1.0,deflate;q=0.6,identity;q=0.3
  response:
    status:
      code: 200
      message: OK
    headers:
      Cache-Control:
      - max-age=0, private, must-revalidate
      Content-Type:
      - application/json
      Date:
      - Thu, 29 May 2014 20:21:10 GMT
      Server:
      - nginx/1.4.7 + Phusion Passenger 4.0.41
      Status:
      - 200 OK
      X-Powered-By:
      - Phusion Passenger 4.0.41
      X-Request-Id:
      - 1646b261-7021-41d1-a85f-f9c8676682bb
      X-Runtime:
      - '0.083513'
      Content-Length:
      - '620'
      Connection:
      - keep-alive
    body:
      encoding: UTF-8
      string: '{"id":21,"accessibility":["Disabled Restroom"],"address":{"id":20,"street":"bozo","city":"fairfax","state":"va","zip":"12345"},"contacts":[{"id":37,"name":"Moncef
        Belyamani-Belyamani","title":"Director of Development and Operations","phone":"703-555-1212","email":"moncefbelyamani@samaritanhousesanmateo.org","fax":"703-555-1234"}],"coordinates":[-73.9395687,42.8142432],"description":"This
        is a description","emails":["moncefbelyamani@samaritanhousesanmateo.org"],"faxes":[{"id":31,"number":"2025551212","department":"CalFresh"}],"hours":"Monday-Friday
        10am-5pm","name":"Admin Test Location","phones":[{"id":34,"department":"CalFresh","extension":"x1223","number":"7035551212","vanity_number":"703555-ABCD"}],"short_desc":"This
        is a short description","slug":"admin-test-location","updated_at":"2014-05-29T13:21:10.086-07:00","urls":["http://codeforamerica.org"],"url":"http://ohana-api-test.herokuapp.com/api/locations/21","services":[{"id":21,"service_areas":["Atherton"],"updated_at":"2014-05-29T13:21:03.988-07:00"}],"organization":{"id":7,"name":"Admin
        Test Org","slug":"admin-test-org","url":"http://ohana-api-test.herokuapp.com/api/organizations/7","locations_url":"http://ohana-api-test.herokuapp.com/api/organizations/7/locations"}}'
    http_version: 
  recorded_at: Thu, 29 May 2014 20:21:10 GMT
- request:
    method: patch
    uri: http://ohana-api-test.herokuapp.com/api/locations/21/contacts/37?api_token=Ohana-API-Admin-Test&email=moncefbelyamani@samaritanhousesanmateo.org&extension=&fax=703-555-1234&name=Moncef%20Belyamani-Belyamani&phone=703-555-1212&title=Director%20of%20Development%20and%20Operations
    body:
      encoding: UTF-8
      string: "{}"
    headers:
      Accept:
      - application/vnd.ohanapi-v1+json
      User-Agent:
      - Ohanakapa Ruby Gem 1.0.0
      X-Api-Token:
      - Ohana-API-Admin-Test
      Accept-Encoding:
      - gzip;q=1.0,deflate;q=0.6,identity;q=0.3
  response:
    status:
      code: 200
      message: OK
    headers:
      Cache-Control:
      - max-age=0, private, must-revalidate
      Content-Type:
      - application/json
      Date:
      - Thu, 29 May 2014 20:21:10 GMT
      Server:
      - nginx/1.4.7 + Phusion Passenger 4.0.41
      Status:
      - 200 OK
      X-Powered-By:
      - Phusion Passenger 4.0.41
      X-Request-Id:
      - e808c154-aa3b-4cbb-91a4-483ed93e9077
      X-Runtime:
      - '0.059126'
      Content-Length:
      - '173'
      Connection:
      - keep-alive
    body:
      encoding: UTF-8
      string: '{"id":37,"name":"Moncef Belyamani-Belyamani","title":"Director of Development
        and Operations","phone":"703-555-1212","email":"moncefbelyamani@samaritanhousesanmateo.org","fax":"703-555-1234"}'
    http_version: 
  recorded_at: Thu, 29 May 2014 20:21:10 GMT
- request:
    method: patch
    uri: http://ohana-api-test.herokuapp.com/api/locations/21/faxes/31?api_token=Ohana-API-Admin-Test&department=CalFresh&number=2025551212
    body:
      encoding: UTF-8
      string: "{}"
    headers:
      Accept:
      - application/vnd.ohanapi-v1+json
      User-Agent:
      - Ohanakapa Ruby Gem 1.0.0
      X-Api-Token:
      - Ohana-API-Admin-Test
      Accept-Encoding:
      - gzip;q=1.0,deflate;q=0.6,identity;q=0.3
  response:
    status:
      code: 200
      message: OK
    headers:
      Cache-Control:
      - max-age=0, private, must-revalidate
      Content-Type:
      - application/json
      Date:
      - Thu, 29 May 2014 20:21:10 GMT
      Etag:
      - '"7e0df6f14a406109e5fc5f70643bb9ac"'
      Server:
      - nginx/1.4.7 + Phusion Passenger 4.0.41
      Status:
      - 200 OK
      X-Powered-By:
      - Phusion Passenger 4.0.41
      X-Request-Id:
      - ffdcc57d-1c01-4de7-b7f4-7a1d5fe0a2a3
      X-Runtime:
      - '0.036430'
      Content-Length:
      - '55'
      Connection:
      - keep-alive
    body:
      encoding: UTF-8
      string: '{"id":31,"number":"2025551212","department":"CalFresh"}'
    http_version: 
  recorded_at: Thu, 29 May 2014 20:21:10 GMT
- request:
    method: patch
    uri: http://ohana-api-test.herokuapp.com/api/locations/21/phones/34?api_token=Ohana-API-Admin-Test&department=CalFresh&extension=x1223&hours=&number=7035551212&vanity_number=703555-ABCD
    body:
      encoding: UTF-8
      string: "{}"
    headers:
      Accept:
      - application/vnd.ohanapi-v1+json
      User-Agent:
      - Ohanakapa Ruby Gem 1.0.0
      X-Api-Token:
      - Ohana-API-Admin-Test
      Accept-Encoding:
      - gzip;q=1.0,deflate;q=0.6,identity;q=0.3
  response:
    status:
      code: 200
      message: OK
    headers:
      Cache-Control:
      - max-age=0, private, must-revalidate
      Content-Type:
      - application/json
      Date:
      - Thu, 29 May 2014 20:21:10 GMT
      Etag:
      - '"c270740831d1d25b344c45eb51a7cbe9"'
      Server:
      - nginx/1.4.7 + Phusion Passenger 4.0.41
      Status:
      - 200 OK
      X-Powered-By:
      - Phusion Passenger 4.0.41
      X-Request-Id:
      - 7b8a6fc4-f351-4d9c-83bb-c6bbfd27fb3b
      X-Runtime:
      - '0.038078'
      Content-Length:
      - '105'
      Connection:
      - keep-alive
    body:
      encoding: UTF-8
      string: '{"id":34,"department":"CalFresh","extension":"x1223","number":"7035551212","vanity_number":"703555-ABCD"}'
    http_version: 
  recorded_at: Thu, 29 May 2014 20:21:10 GMT
- request:
    method: put
    uri: http://ohana-api-test.herokuapp.com/api/services/21?api_token=Ohana-API-Admin-Test&audience=&eligibility=&fees=&how_to_apply=&keywords&service_areas%5B0%5D=Atherton&wait=
    body:
      encoding: UTF-8
      string: "{}"
    headers:
      Accept:
      - application/vnd.ohanapi-v1+json
      User-Agent:
      - Ohanakapa Ruby Gem 1.0.0
      X-Api-Token:
      - Ohana-API-Admin-Test
      Accept-Encoding:
      - gzip;q=1.0,deflate;q=0.6,identity;q=0.3
  response:
    status:
      code: 200
      message: OK
    headers:
      Cache-Control:
      - max-age=0, private, must-revalidate
      Content-Type:
      - application/json
      Date:
      - Thu, 29 May 2014 20:21:10 GMT
      Etag:
      - '"980eec872d28ed2625651885c146d8b9"'
      Server:
      - nginx/1.4.7 + Phusion Passenger 4.0.41
      Status:
      - 200 OK
      X-Powered-By:
      - Phusion Passenger 4.0.41
      X-Request-Id:
      - af7fec4c-83dd-4a59-9ef2-fdee9f15d724
      X-Runtime:
      - '0.047234'
      Content-Length:
      - '83'
      Connection:
      - keep-alive
    body:
      encoding: UTF-8
      string: '{"id":21,"service_areas":["Atherton"],"updated_at":"2014-05-29T13:21:10.830-07:00"}'
    http_version: 
  recorded_at: Thu, 29 May 2014 20:21:10 GMT
- request:
    method: put
    uri: http://ohana-api-test.herokuapp.com/api/services/21/categories?api_token=Ohana-API-Admin-Test&category_slugs%5B0%5D=health&category_slugs%5B1%5D=medical-care&category_slugs%5B2%5D=checkup-test&category_slugs%5B3%5D=vision-tests
    body:
      encoding: UTF-8
      string: "{}"
    headers:
      Accept:
      - application/vnd.ohanapi-v1+json
      User-Agent:
      - Ohanakapa Ruby Gem 1.0.0
      X-Api-Token:
      - Ohana-API-Admin-Test
      Accept-Encoding:
      - gzip;q=1.0,deflate;q=0.6,identity;q=0.3
  response:
    status:
      code: 200
      message: OK
    headers:
      Cache-Control:
      - max-age=0, private, must-revalidate
      Content-Type:
      - application/json
      Date:
      - Thu, 29 May 2014 20:21:11 GMT
      Server:
      - nginx/1.4.7 + Phusion Passenger 4.0.41
      Status:
      - 200 OK
      X-Powered-By:
      - Phusion Passenger 4.0.41
      X-Request-Id:
      - 34e525a9-bc58-43f4-832f-45359a10fc71
      X-Runtime:
      - '0.173408'
      Content-Length:
      - '277'
      Connection:
      - keep-alive
    body:
      encoding: UTF-8
      string: '{"id":21,"categories":[{"id":78,"depth":0,"oe_id":"106","name":"Health","parent_id":null,"slug":"health"},{"id":109,"depth":1,"oe_id":"106-06","name":"Medical
        Care","parent_id":78,"slug":"medical-care"},{"id":113,"depth":2,"oe_id":"106-06-04","name":"Checkup
        \u0026 Test","parent_id":109,"slug":"checkup-test"},{"id":119,"depth":3,"oe_id":"106-06-04-06","name":"Vision
        Tests","parent_id":113,"slug":"vision-tests"}],"service_areas":["Atherton"],"updated_at":"2014-05-29T13:21:11.083-07:00"}'
    http_version: 
  recorded_at: Thu, 29 May 2014 20:21:11 GMT
- request:
    method: get
    uri: http://ohana-api-test.herokuapp.com/api/locations/21?api_token=Ohana-API-Admin-Test
    body:
      encoding: US-ASCII
      string: ''
    headers:
      Accept:
      - application/vnd.ohanapi-v1+json
      User-Agent:
      - Ohanakapa Ruby Gem 1.0.0
      X-Api-Token:
      - Ohana-API-Admin-Test
      Accept-Encoding:
      - gzip;q=1.0,deflate;q=0.6,identity;q=0.3
  response:
    status:
      code: 200
      message: OK
    headers:
      Cache-Control:
      - max-age=0, private, must-revalidate
      Content-Type:
      - application/json
      Date:
      - Thu, 29 May 2014 20:21:11 GMT
      Server:
      - nginx/1.4.7 + Phusion Passenger 4.0.41
      Status:
      - 200 OK
      X-Powered-By:
      - Phusion Passenger 4.0.41
      X-Request-Id:
      - 6e52a219-143f-4d53-bbfc-9eace54c2edc
      X-Runtime:
      - '0.084713'
      Content-Length:
      - '778'
      Connection:
      - keep-alive
    body:
      encoding: UTF-8
      string: '{"id":21,"accessibility":["Disabled Restroom"],"address":{"id":20,"street":"bozo","city":"fairfax","state":"va","zip":"12345"},"contacts":[{"id":37,"name":"Moncef
        Belyamani-Belyamani","title":"Director of Development and Operations","phone":"703-555-1212","email":"moncefbelyamani@samaritanhousesanmateo.org","fax":"703-555-1234"}],"coordinates":[-73.9395687,42.8142432],"description":"This
        is a description","emails":["moncefbelyamani@samaritanhousesanmateo.org"],"faxes":[{"id":31,"number":"2025551212","department":"CalFresh"}],"hours":"Monday-Friday
        10am-5pm","name":"Admin Test Location","phones":[{"id":34,"department":"CalFresh","extension":"x1223","number":"7035551212","vanity_number":"703555-ABCD"}],"short_desc":"This
        is a short description","slug":"admin-test-location","updated_at":"2014-05-29T13:21:11.108-07:00","urls":["http://codeforamerica.org"],"url":"http://ohana-api-test.herokuapp.com/api/locations/21","services":[{"id":21,"categories":[{"id":78,"depth":0,"oe_id":"106","name":"Health","parent_id":null,"slug":"health"},{"id":109,"depth":1,"oe_id":"106-06","name":"Medical
        Care","parent_id":78,"slug":"medical-care"},{"id":113,"depth":2,"oe_id":"106-06-04","name":"Checkup
        \u0026 Test","parent_id":109,"slug":"checkup-test"},{"id":119,"depth":3,"oe_id":"106-06-04-06","name":"Vision
        Tests","parent_id":113,"slug":"vision-tests"}],"service_areas":["Atherton"],"updated_at":"2014-05-29T13:21:11.083-07:00"}],"organization":{"id":7,"name":"Admin
        Test Org","slug":"admin-test-org","url":"http://ohana-api-test.herokuapp.com/api/organizations/7","locations_url":"http://ohana-api-test.herokuapp.com/api/organizations/7/locations"}}'
    http_version: 
  recorded_at: Thu, 29 May 2014 20:21:11 GMT
- request:
    method: get
    uri: http://ohana-api-test.herokuapp.com/api/locations/admin-test-location?api_token=Ohana-API-Admin-Test
    body:
      encoding: US-ASCII
      string: ''
    headers:
      Accept:
      - application/vnd.ohanapi-v1+json
      User-Agent:
      - Ohanakapa Ruby Gem 1.0.0
      X-Api-Token:
      - Ohana-API-Admin-Test
      Accept-Encoding:
      - gzip;q=1.0,deflate;q=0.6,identity;q=0.3
  response:
    status:
      code: 200
      message: OK
    headers:
      Cache-Control:
      - max-age=0, private, must-revalidate
      Content-Type:
      - application/json
      Date:
      - Thu, 29 May 2014 20:21:12 GMT
      Server:
      - nginx/1.4.7 + Phusion Passenger 4.0.41
      Status:
      - 200 OK
      X-Powered-By:
      - Phusion Passenger 4.0.41
      X-Request-Id:
      - f148a75f-11ac-4acd-ae64-4ffbbd6c5143
      X-Runtime:
      - '0.083882'
      Content-Length:
      - '772'
      Connection:
      - keep-alive
    body:
      encoding: UTF-8
      string: '{"id":21,"accessibility":["Disabled Restroom"],"address":{"id":20,"street":"bozo","city":"fairfax","state":"va","zip":"12345"},"contacts":[{"id":37,"name":"Moncef
        Belyamani-Belyamani","title":"Director of Development and Operations","phone":"703-555-1212","email":"moncefbelyamani@samaritanhousesanmateo.org","fax":"703-555-1234"}],"coordinates":[-73.9395687,42.8142432],"description":"This
        is a description","emails":["moncefbelyamani@samaritanhousesanmateo.org"],"faxes":[{"id":31,"number":"2025551212","department":"CalFresh"}],"hours":"Monday-Friday
        10am-5pm","name":"Admin Test Location","phones":[{"id":34,"department":"CalFresh","extension":"x1223","number":"7035551212","vanity_number":"703555-ABCD"}],"short_desc":"This
        is a short description","slug":"admin-test-location","updated_at":"2014-05-29T13:21:11.108-07:00","urls":["http://codeforamerica.org"],"url":"http://ohana-api-test.herokuapp.com/api/locations/21","services":[{"id":21,"categories":[{"id":78,"depth":0,"oe_id":"106","name":"Health","parent_id":null,"slug":"health"},{"id":109,"depth":1,"oe_id":"106-06","name":"Medical
        Care","parent_id":78,"slug":"medical-care"},{"id":113,"depth":2,"oe_id":"106-06-04","name":"Checkup
        \u0026 Test","parent_id":109,"slug":"checkup-test"},{"id":119,"depth":3,"oe_id":"106-06-04-06","name":"Vision
        Tests","parent_id":113,"slug":"vision-tests"}],"service_areas":["Atherton"],"updated_at":"2014-05-29T13:21:11.083-07:00"}],"organization":{"id":7,"name":"Admin
        Test Org","slug":"admin-test-org","url":"http://ohana-api-test.herokuapp.com/api/organizations/7","locations_url":"http://ohana-api-test.herokuapp.com/api/organizations/7/locations"}}'
    http_version: 
  recorded_at: Thu, 29 May 2014 20:21:12 GMT
- request:
    method: put
    uri: http://ohana-api-test.herokuapp.com/api/organizations/7?api_token=Ohana-API-Admin-Test&name=Admin%20Test%20Org
    body:
      encoding: UTF-8
      string: "{}"
    headers:
      Accept:
      - application/vnd.ohanapi-v1+json
      User-Agent:
      - Ohanakapa Ruby Gem 1.0.0
      X-Api-Token:
      - Ohana-API-Admin-Test
      Accept-Encoding:
      - gzip;q=1.0,deflate;q=0.6,identity;q=0.3
  response:
    status:
      code: 200
      message: OK
    headers:
      Cache-Control:
      - max-age=0, private, must-revalidate
      Content-Type:
      - application/json
      Date:
      - Thu, 29 May 2014 20:21:18 GMT
      Server:
      - nginx/1.4.7 + Phusion Passenger 4.0.41
      Status:
      - 200 OK
      X-Powered-By:
      - Phusion Passenger 4.0.41
      X-Request-Id:
      - 963ccf51-2032-41ac-9103-7251c7c44791
      X-Runtime:
      - '0.051921'
      Content-Length:
      - '148'
      Connection:
      - keep-alive
    body:
      encoding: UTF-8
      string: '{"id":7,"name":"Admin Test Org","slug":"admin-test-org","url":"http://ohana-api-test.herokuapp.com/api/organizations/7","locations_url":"http://ohana-api-test.herokuapp.com/api/organizations/7/locations"}'
    http_version: 
  recorded_at: Thu, 29 May 2014 20:21:18 GMT
- request:
    method: patch
    uri: http://ohana-api-test.herokuapp.com/api/locations/21/address?api_token=Ohana-API-Admin-Test&city=fairfax&new&state=va&street=bozo&zip=12345
    body:
      encoding: UTF-8
      string: "{}"
    headers:
      Accept:
      - application/vnd.ohanapi-v1+json
      User-Agent:
      - Ohanakapa Ruby Gem 1.0.0
      X-Api-Token:
      - Ohana-API-Admin-Test
      Accept-Encoding:
      - gzip;q=1.0,deflate;q=0.6,identity;q=0.3
  response:
    status:
      code: 200
      message: OK
    headers:
      Cache-Control:
      - max-age=0, private, must-revalidate
      Content-Type:
      - application/json
      Date:
      - Thu, 29 May 2014 20:21:18 GMT
      Server:
      - nginx/1.4.7 + Phusion Passenger 4.0.41
      Status:
      - 200 OK
      X-Powered-By:
      - Phusion Passenger 4.0.41
      X-Request-Id:
      - 7ca3a635-e5b6-4a9f-8d98-71e46fdb3d2d
      X-Runtime:
      - '0.050401'
      Transfer-Encoding:
      - chunked
      Connection:
      - keep-alive
    body:
      encoding: UTF-8
      string: '{"id":20,"location_id":21,"street":"bozo","city":"fairfax","state":"va","zip":"12345","created_at":"2014-04-18T12:32:12.937-07:00","updated_at":"2014-04-18T12:32:12.937-07:00"}'
    http_version: 
  recorded_at: Thu, 29 May 2014 20:21:18 GMT
- request:
    method: put
    uri: http://ohana-api-test.herokuapp.com/api/locations/21?accessibility%5B0%5D=restroom&admin_emails&api_token=Ohana-API-Admin-Test&description=This%20is%20a%20description&emails%5B0%5D=moncefbelyamani@samaritanhousesanmateo.org&hours=Monday-Friday%2010am-5pm&name=Admin%20Test%20Location&short_desc=This%20is%20a%20short%20description&transportation=&urls%5B0%5D=http://codeforamerica.org
    body:
      encoding: UTF-8
      string: "{}"
    headers:
      Accept:
      - application/vnd.ohanapi-v1+json
      User-Agent:
      - Ohanakapa Ruby Gem 1.0.0
      X-Api-Token:
      - Ohana-API-Admin-Test
      Accept-Encoding:
      - gzip;q=1.0,deflate;q=0.6,identity;q=0.3
  response:
    status:
      code: 200
      message: OK
    headers:
      Cache-Control:
      - max-age=0, private, must-revalidate
      Content-Type:
      - application/json
      Date:
      - Thu, 29 May 2014 20:21:18 GMT
      Server:
      - nginx/1.4.7 + Phusion Passenger 4.0.41
      Status:
      - 200 OK
      X-Powered-By:
      - Phusion Passenger 4.0.41
      X-Request-Id:
      - c9bd2b84-1b0e-4246-991c-2a824f1b5335
      X-Runtime:
      - '0.127005'
      Transfer-Encoding:
      - chunked
      Connection:
      - keep-alive
    body:
      encoding: UTF-8
      string: '{"id":21,"accessibility":["Disabled Restroom"],"address":{"id":20,"street":"bozo","city":"fairfax","state":"va","zip":"12345"},"contacts":[{"id":37,"name":"Moncef
        Belyamani-Belyamani","title":"Director of Development and Operations","phone":"703-555-1212","email":"moncefbelyamani@samaritanhousesanmateo.org","fax":"703-555-1234"}],"coordinates":[-73.9395687,42.8142432],"description":"This
        is a description","emails":["moncefbelyamani@samaritanhousesanmateo.org"],"faxes":[{"id":31,"number":"2025551212","department":"CalFresh"}],"hours":"Monday-Friday
        10am-5pm","name":"Admin Test Location","phones":[{"id":34,"department":"CalFresh","extension":"x1223","number":"7035551212","vanity_number":"703555-ABCD"}],"short_desc":"This
        is a short description","slug":"admin-test-location","updated_at":"2014-05-29T13:21:18.446-07:00","urls":["http://codeforamerica.org"],"url":"http://ohana-api-test.herokuapp.com/api/locations/21","services":[{"id":21,"categories":[{"id":78,"depth":0,"oe_id":"106","name":"Health","parent_id":null,"slug":"health"},{"id":109,"depth":1,"oe_id":"106-06","name":"Medical
        Care","parent_id":78,"slug":"medical-care"},{"id":113,"depth":2,"oe_id":"106-06-04","name":"Checkup
        \u0026 Test","parent_id":109,"slug":"checkup-test"},{"id":119,"depth":3,"oe_id":"106-06-04-06","name":"Vision
        Tests","parent_id":113,"slug":"vision-tests"}],"service_areas":["Atherton"],"updated_at":"2014-05-29T13:21:11.083-07:00"}],"organization":{"id":7,"name":"Admin
        Test Org","slug":"admin-test-org","url":"http://ohana-api-test.herokuapp.com/api/organizations/7","locations_url":"http://ohana-api-test.herokuapp.com/api/organizations/7/locations"}}'
    http_version: 
  recorded_at: Thu, 29 May 2014 20:21:18 GMT
- request:
    method: patch
    uri: http://ohana-api-test.herokuapp.com/api/locations/21/contacts/37?api_token=Ohana-API-Admin-Test&email=moncefbelyamani@samaritanhousesanmateo.org&extension=&fax=703-555-1234&name=Moncef%20Belyamani-Belyamani&phone=703-555-1212&title=Director%20of%20Development%20and%20Operations
    body:
      encoding: UTF-8
      string: "{}"
    headers:
      Accept:
      - application/vnd.ohanapi-v1+json
      User-Agent:
      - Ohanakapa Ruby Gem 1.0.0
      X-Api-Token:
      - Ohana-API-Admin-Test
      Accept-Encoding:
      - gzip;q=1.0,deflate;q=0.6,identity;q=0.3
  response:
    status:
      code: 200
      message: OK
    headers:
      Cache-Control:
      - max-age=0, private, must-revalidate
      Content-Type:
      - application/json
      Date:
      - Thu, 29 May 2014 20:21:18 GMT
      Server:
      - nginx/1.4.7 + Phusion Passenger 4.0.41
      Status:
      - 200 OK
      X-Powered-By:
      - Phusion Passenger 4.0.41
      X-Request-Id:
      - a81d6860-8421-407b-9d53-86c0a4febda8
      X-Runtime:
      - '0.069931'
      Content-Length:
      - '173'
      Connection:
      - keep-alive
    body:
      encoding: UTF-8
      string: '{"id":37,"name":"Moncef Belyamani-Belyamani","title":"Director of Development
        and Operations","phone":"703-555-1212","email":"moncefbelyamani@samaritanhousesanmateo.org","fax":"703-555-1234"}'
    http_version: 
  recorded_at: Thu, 29 May 2014 20:21:18 GMT
- request:
    method: patch
    uri: http://ohana-api-test.herokuapp.com/api/locations/21/faxes/31?api_token=Ohana-API-Admin-Test&department=CalFresh&number=2025551212
    body:
      encoding: UTF-8
      string: "{}"
    headers:
      Accept:
      - application/vnd.ohanapi-v1+json
      User-Agent:
      - Ohanakapa Ruby Gem 1.0.0
      X-Api-Token:
      - Ohana-API-Admin-Test
      Accept-Encoding:
      - gzip;q=1.0,deflate;q=0.6,identity;q=0.3
  response:
    status:
      code: 200
      message: OK
    headers:
      Cache-Control:
      - max-age=0, private, must-revalidate
      Content-Type:
      - application/json
      Date:
      - Thu, 29 May 2014 20:21:18 GMT
      Etag:
      - '"7e0df6f14a406109e5fc5f70643bb9ac"'
      Server:
      - nginx/1.4.7 + Phusion Passenger 4.0.41
      Status:
      - 200 OK
      X-Powered-By:
      - Phusion Passenger 4.0.41
      X-Request-Id:
      - 1a645f1c-b75d-41b2-9ade-2c1f2f944e04
      X-Runtime:
      - '0.043158'
      Content-Length:
      - '55'
      Connection:
      - keep-alive
    body:
      encoding: UTF-8
      string: '{"id":31,"number":"2025551212","department":"CalFresh"}'
    http_version: 
  recorded_at: Thu, 29 May 2014 20:21:18 GMT
- request:
    method: patch
    uri: http://ohana-api-test.herokuapp.com/api/locations/21/phones/34?api_token=Ohana-API-Admin-Test&department=CalFresh&extension=x1223&hours=&number=7035551212&vanity_number=703555-ABCD
    body:
      encoding: UTF-8
      string: "{}"
    headers:
      Accept:
      - application/vnd.ohanapi-v1+json
      User-Agent:
      - Ohanakapa Ruby Gem 1.0.0
      X-Api-Token:
      - Ohana-API-Admin-Test
      Accept-Encoding:
      - gzip;q=1.0,deflate;q=0.6,identity;q=0.3
  response:
    status:
      code: 200
      message: OK
    headers:
      Cache-Control:
      - max-age=0, private, must-revalidate
      Content-Type:
      - application/json
      Date:
      - Thu, 29 May 2014 20:21:18 GMT
      Etag:
      - '"c270740831d1d25b344c45eb51a7cbe9"'
      Server:
      - nginx/1.4.7 + Phusion Passenger 4.0.41
      Status:
      - 200 OK
      X-Powered-By:
      - Phusion Passenger 4.0.41
      X-Request-Id:
      - 2a785377-b750-4ee3-b917-518bfceab83c
      X-Runtime:
      - '0.040371'
      Content-Length:
      - '105'
      Connection:
      - keep-alive
    body:
      encoding: UTF-8
      string: '{"id":34,"department":"CalFresh","extension":"x1223","number":"7035551212","vanity_number":"703555-ABCD"}'
    http_version: 
  recorded_at: Thu, 29 May 2014 20:21:18 GMT
- request:
    method: put
    uri: http://ohana-api-test.herokuapp.com/api/services/21?api_token=Ohana-API-Admin-Test&audience=&eligibility=&fees=&how_to_apply=&keywords&service_areas%5B0%5D=Atherton&wait=
    body:
      encoding: UTF-8
      string: "{}"
    headers:
      Accept:
      - application/vnd.ohanapi-v1+json
      User-Agent:
      - Ohanakapa Ruby Gem 1.0.0
      X-Api-Token:
      - Ohana-API-Admin-Test
      Accept-Encoding:
      - gzip;q=1.0,deflate;q=0.6,identity;q=0.3
  response:
    status:
      code: 200
      message: OK
    headers:
      Cache-Control:
      - max-age=0, private, must-revalidate
      Content-Type:
      - application/json
      Date:
      - Thu, 29 May 2014 20:21:18 GMT
      Server:
      - nginx/1.4.7 + Phusion Passenger 4.0.41
      Status:
      - 200 OK
      X-Powered-By:
      - Phusion Passenger 4.0.41
      X-Request-Id:
      - 3b1be52a-d75d-419d-856d-82072429e1d2
      X-Runtime:
      - '0.049475'
      Content-Length:
      - '283'
      Connection:
      - keep-alive
    body:
      encoding: UTF-8
      string: '{"id":21,"categories":[{"id":78,"depth":0,"oe_id":"106","name":"Health","parent_id":null,"slug":"health"},{"id":109,"depth":1,"oe_id":"106-06","name":"Medical
        Care","parent_id":78,"slug":"medical-care"},{"id":113,"depth":2,"oe_id":"106-06-04","name":"Checkup
        \u0026 Test","parent_id":109,"slug":"checkup-test"},{"id":119,"depth":3,"oe_id":"106-06-04-06","name":"Vision
        Tests","parent_id":113,"slug":"vision-tests"}],"service_areas":["Atherton"],"updated_at":"2014-05-29T13:21:18.906-07:00"}'
    http_version: 
  recorded_at: Thu, 29 May 2014 20:21:18 GMT
- request:
    method: put
    uri: http://ohana-api-test.herokuapp.com/api/services/21/categories?api_token=Ohana-API-Admin-Test&category_slugs
    body:
      encoding: UTF-8
      string: "{}"
    headers:
      Accept:
      - application/vnd.ohanapi-v1+json
      User-Agent:
      - Ohanakapa Ruby Gem 1.0.0
      X-Api-Token:
      - Ohana-API-Admin-Test
      Accept-Encoding:
      - gzip;q=1.0,deflate;q=0.6,identity;q=0.3
  response:
    status:
      code: 200
      message: OK
    headers:
      Cache-Control:
      - max-age=0, private, must-revalidate
      Content-Type:
      - application/json
      Date:
      - Thu, 29 May 2014 20:21:19 GMT
      Etag:
      - '"abe0f5b81f0794f2c728379af63facd6"'
      Server:
      - nginx/1.4.7 + Phusion Passenger 4.0.41
      Status:
      - 200 OK
      X-Powered-By:
      - Phusion Passenger 4.0.41
      X-Request-Id:
      - d020602e-6361-4a40-bec3-21a571c4ebbe
      X-Runtime:
      - '0.055938'
      Content-Length:
      - '83'
      Connection:
      - keep-alive
    body:
      encoding: UTF-8
      string: '{"id":21,"service_areas":["Atherton"],"updated_at":"2014-05-29T13:21:19.003-07:00"}'
    http_version: 
  recorded_at: Thu, 29 May 2014 20:21:19 GMT
- request:
    method: get
    uri: http://ohana-api-test.herokuapp.com/api/locations/21?api_token=Ohana-API-Admin-Test
    body:
      encoding: US-ASCII
      string: ''
    headers:
      Accept:
      - application/vnd.ohanapi-v1+json
      User-Agent:
      - Ohanakapa Ruby Gem 1.0.0
      X-Api-Token:
      - Ohana-API-Admin-Test
      Accept-Encoding:
      - gzip;q=1.0,deflate;q=0.6,identity;q=0.3
  response:
    status:
      code: 200
      message: OK
    headers:
      Cache-Control:
      - max-age=0, private, must-revalidate
      Content-Type:
      - application/json
      Date:
      - Thu, 29 May 2014 20:21:19 GMT
      Server:
      - nginx/1.4.7 + Phusion Passenger 4.0.41
      Status:
      - 200 OK
      X-Powered-By:
      - Phusion Passenger 4.0.41
      X-Request-Id:
      - c1883abb-f617-4843-af91-ebbf70330d51
      X-Runtime:
      - '0.050321'
      Content-Length:
      - '617'
      Connection:
      - keep-alive
    body:
      encoding: UTF-8
      string: '{"id":21,"accessibility":["Disabled Restroom"],"address":{"id":20,"street":"bozo","city":"fairfax","state":"va","zip":"12345"},"contacts":[{"id":37,"name":"Moncef
        Belyamani-Belyamani","title":"Director of Development and Operations","phone":"703-555-1212","email":"moncefbelyamani@samaritanhousesanmateo.org","fax":"703-555-1234"}],"coordinates":[-73.9395687,42.8142432],"description":"This
        is a description","emails":["moncefbelyamani@samaritanhousesanmateo.org"],"faxes":[{"id":31,"number":"2025551212","department":"CalFresh"}],"hours":"Monday-Friday
        10am-5pm","name":"Admin Test Location","phones":[{"id":34,"department":"CalFresh","extension":"x1223","number":"7035551212","vanity_number":"703555-ABCD"}],"short_desc":"This
        is a short description","slug":"admin-test-location","updated_at":"2014-05-29T13:21:19.013-07:00","urls":["http://codeforamerica.org"],"url":"http://ohana-api-test.herokuapp.com/api/locations/21","services":[{"id":21,"service_areas":["Atherton"],"updated_at":"2014-05-29T13:21:19.003-07:00"}],"organization":{"id":7,"name":"Admin
        Test Org","slug":"admin-test-org","url":"http://ohana-api-test.herokuapp.com/api/organizations/7","locations_url":"http://ohana-api-test.herokuapp.com/api/organizations/7/locations"}}'
    http_version: 
  recorded_at: Thu, 29 May 2014 20:21:19 GMT
recorded_with: VCR 2.9.2
