---
http_interactions:
- request:
    method: get
    uri: http://localhost:8080/api/locations/admin-test-location?api_token=<API_TOKEN>
    body:
      encoding: US-ASCII
      string: ''
    headers:
      Accept:
      - application/vnd.ohanapi-v1+json
      User-Agent:
      - Ohanakapa Ruby Gem 1.0.0
      X-Api-Token:
      - <API_TOKEN>
      Accept-Encoding:
      - gzip;q=1.0,deflate;q=0.6,identity;q=0.3
  response:
    status:
      code: 200
      message: OK
    headers:
      Content-Type:
      - application/json
      Content-Length:
      - '1166'
      Connection:
      - keep-alive
      Status:
      - 200 OK
      Etag:
      - '"582959238e8fdb42d0cf3995e74fbba0"'
      Cache-Control:
      - max-age=0, private, must-revalidate
      X-Ua-Compatible:
      - IE=Edge
      X-Request-Id:
      - 64c46caff10c0521b8a6e494f463d52e
      X-Runtime:
      - '0.027087'
      X-Powered-By:
      - Phusion Passenger 4.0.23
      Date:
      - Thu, 14 Nov 2013 05:08:39 UTC
      Server:
      - nginx/1.4.3 + Phusion Passenger 4.0.23
    body:
      encoding: UTF-8
      string: '{"id":"5284559f1974fc9646000072","accessibility":["Elevator","Disabled
        Restroom"],"address":{"street":"bozo","city":"fairfax","state":"va","zip":"12345"},"contacts":[{"id":"52845acd1974fc83f7000041","name":"Moncef","title":"Director"}],"coordinates":[-73.9395687,42.8142432],"description":"This
        is a description","emails":["eml@example.org"],"faxes":[{"number":"7035551212","department":"CalFresh"}],"kind":"Test","name":"Admin
        Test Location","phones":[{"number":"7035551212","vanity_number":"703555-ABCD","extension":"x1223","department":"CalFresh"}],"short_desc":"This
        is a short description","slugs":["admin-test-location"],"updated_at":"2013-11-13T21:08:29-08:00","url":"http://localhost:8080/api/locations/5284559f1974fc9646000072","services":[{"id":"5284559f1974fc9646000075","description":"This
        is a description","service_areas":["San Mateo County"],"updated_at":"2013-11-13T21:07:58-08:00"}],"organization":{"id":"5284559f1974fc9646000071","name":"Admin
        Test Org","slugs":["admin-test-org"],"url":"http://localhost:8080/api/organizations/5284559f1974fc9646000071","locations_url":"http://localhost:8080/api/organizations/5284559f1974fc9646000071/locations"}}'
    http_version: 
  recorded_at: Thu, 14 Nov 2013 05:08:39 GMT
- request:
    method: put
    uri: http://localhost:8080/api/locations/5284559f1974fc9646000072?accessibility%5B0%5D=elevator&accessibility%5B1%5D=restroom&address%5Bcity%5D=fairfax&address%5Bstate%5D=va&address%5Bstreet%5D=bozo&address%5Bzip%5D=12345&api_token=<API_TOKEN>&contacts%5Btitle%5D=Director&description=%0AThis%20is%20a%20description&emails%5B0%5D=eml@example.org&faxes%5Bdepartment%5D=CalFresh&faxes%5Bnumber%5D=7035551212&hours=&kind=test&mail_address&name=Admin%20Test%20Location&phones%5Bdepartment%5D=CalFresh&phones%5Bextension%5D=x1223&phones%5Bnumber%5D=7035551212&phones%5Bvanity_number%5D=703555-ABCD&short_desc=%0AThis%20is%20a%20short%20description&transportation=&urls
    body:
      encoding: UTF-8
      string: '{}'
    headers:
      Accept:
      - application/vnd.ohanapi-v1+json
      User-Agent:
      - Ohanakapa Ruby Gem 1.0.0
      X-Api-Token:
      - <API_TOKEN>
      Accept-Encoding:
      - gzip;q=1.0,deflate;q=0.6,identity;q=0.3
  response:
    status:
      code: 400
      message: Bad Request
    headers:
      Content-Type:
      - application/json
      Content-Length:
      - '223'
      Connection:
      - keep-alive
      Status:
      - 400 Bad Request
      X-Ua-Compatible:
      - IE=Edge
      Cache-Control:
      - no-cache
      X-Request-Id:
      - 61ea0fbe48c96f87f46074ffe2628a1a
      X-Runtime:
      - '0.024833'
      X-Powered-By:
      - Phusion Passenger 4.0.23
      Date:
      - Thu, 14 Nov 2013 05:08:40 UTC
      Server:
      - nginx/1.4.3 + Phusion Passenger 4.0.23
    body:
      encoding: UTF-8
      string: '{"message":"\nProblem:\n  Validation of Location failed.\nSummary:\n  The
        following errors were found: Name can''t be blank for Contact\nResolution:\n  Try
        persisting the document with valid data or remove the validations."}'
    http_version: 
  recorded_at: Thu, 14 Nov 2013 05:08:40 GMT
- request:
    method: get
    uri: http://localhost:8080/api/locations/admin-test-location?api_token=<API_TOKEN>
    body:
      encoding: US-ASCII
      string: ''
    headers:
      Accept:
      - application/vnd.ohanapi-v1+json
      User-Agent:
      - Ohanakapa Ruby Gem 1.0.0
      X-Api-Token:
      - <API_TOKEN>
      Accept-Encoding:
      - gzip;q=1.0,deflate;q=0.6,identity;q=0.3
  response:
    status:
      code: 200
      message: OK
    headers:
      Content-Type:
      - application/json
      Content-Length:
      - '1166'
      Connection:
      - keep-alive
      Status:
      - 200 OK
      Etag:
      - '"582959238e8fdb42d0cf3995e74fbba0"'
      Cache-Control:
      - max-age=0, private, must-revalidate
      X-Ua-Compatible:
      - IE=Edge
      X-Request-Id:
      - 9b61e9a72a47dc2266aa7c340f3c73e0
      X-Runtime:
      - '0.025459'
      X-Powered-By:
      - Phusion Passenger 4.0.23
      Date:
      - Thu, 14 Nov 2013 05:08:40 UTC
      Server:
      - nginx/1.4.3 + Phusion Passenger 4.0.23
    body:
      encoding: UTF-8
      string: '{"id":"5284559f1974fc9646000072","accessibility":["Elevator","Disabled
        Restroom"],"address":{"street":"bozo","city":"fairfax","state":"va","zip":"12345"},"contacts":[{"id":"52845acd1974fc83f7000041","name":"Moncef","title":"Director"}],"coordinates":[-73.9395687,42.8142432],"description":"This
        is a description","emails":["eml@example.org"],"faxes":[{"number":"7035551212","department":"CalFresh"}],"kind":"Test","name":"Admin
        Test Location","phones":[{"number":"7035551212","vanity_number":"703555-ABCD","extension":"x1223","department":"CalFresh"}],"short_desc":"This
        is a short description","slugs":["admin-test-location"],"updated_at":"2013-11-13T21:08:29-08:00","url":"http://localhost:8080/api/locations/5284559f1974fc9646000072","services":[{"id":"5284559f1974fc9646000075","description":"This
        is a description","service_areas":["San Mateo County"],"updated_at":"2013-11-13T21:07:58-08:00"}],"organization":{"id":"5284559f1974fc9646000071","name":"Admin
        Test Org","slugs":["admin-test-org"],"url":"http://localhost:8080/api/organizations/5284559f1974fc9646000071","locations_url":"http://localhost:8080/api/organizations/5284559f1974fc9646000071/locations"}}'
    http_version: 
  recorded_at: Thu, 14 Nov 2013 05:08:40 GMT
recorded_with: VCR 2.7.0
