---
http_interactions:
- request:
    method: get
    uri: http://ohana-api-test.herokuapp.com/api/locations/admin-test-location?api_token=Ohana-API-Admin-Test
    body:
      encoding: US-ASCII
      string: ''
    headers:
      Accept:
      - application/vnd.ohanapi-v1+json
      User-Agent:
      - Ohanakapa Ruby Gem 1.0.0
      X-Api-Token:
      - Ohana-API-Admin-Test
      Accept-Encoding:
      - gzip;q=1.0,deflate;q=0.6,identity;q=0.3
  response:
    status:
      code: 200
      message: OK
    headers:
      Cache-Control:
      - max-age=0, private, must-revalidate
      Content-Type:
      - application/json
      Date:
      - Thu, 29 May 2014 20:11:32 GMT
      Server:
      - nginx/1.4.7 + Phusion Passenger 4.0.41
      Status:
      - 200 OK
      X-Powered-By:
      - Phusion Passenger 4.0.41
      X-Request-Id:
      - 504b8a17-7408-4049-8c6d-5107626dec9d
      X-Runtime:
      - '0.224686'
      Content-Length:
      - '603'
      Connection:
      - keep-alive
    body:
      encoding: UTF-8
      string: '{"id":21,"accessibility":["Disabled Restroom"],"address":{"id":20,"street":"bozo","city":"fairfax","state":"va","zip":"12345"},"contacts":[{"id":35,"name":"Moncef
        Belyamani-Belyamani","title":"Director of Development and Operations","phone":"703-555-1212","email":"moncefbelyamani@samaritanhousesanmateo.org","fax":"703-555-1234"}],"coordinates":[-73.9395687,42.8142432],"description":"This
        is a description","emails":["eml@example.org"],"faxes":[{"id":27,"number":"7035551212","department":"CalFresh"}],"name":"Admin
        Test Location","phones":[{"id":30,"department":"CalFresh","extension":"x1223","number":"7035551212","vanity_number":"703555-ABCD"}],"short_desc":"This
        is a short description","slug":"admin-test-location","updated_at":"2014-05-09T22:12:07.542-07:00","urls":["http://codeforamerica.org"],"url":"http://ohana-api-test.herokuapp.com/api/locations/21","services":[{"id":21,"service_areas":["Belmont"],"updated_at":"2014-05-09T22:12:07.536-07:00"}],"organization":{"id":7,"name":"Admin
        Test Org","slug":"admin-test-org","url":"http://ohana-api-test.herokuapp.com/api/organizations/7","locations_url":"http://ohana-api-test.herokuapp.com/api/organizations/7/locations"}}'
    http_version: 
  recorded_at: Thu, 29 May 2014 20:11:32 GMT
- request:
    method: put
    uri: http://ohana-api-test.herokuapp.com/api/organizations/7?api_token=Ohana-API-Admin-Test&name=Admin%20Test%20Org
    body:
      encoding: UTF-8
      string: "{}"
    headers:
      Accept:
      - application/vnd.ohanapi-v1+json
      User-Agent:
      - Ohanakapa Ruby Gem 1.0.0
      X-Api-Token:
      - Ohana-API-Admin-Test
      Accept-Encoding:
      - gzip;q=1.0,deflate;q=0.6,identity;q=0.3
  response:
    status:
      code: 200
      message: OK
    headers:
      Cache-Control:
      - max-age=0, private, must-revalidate
      Content-Type:
      - application/json
      Date:
      - Thu, 29 May 2014 20:11:33 GMT
      Server:
      - nginx/1.4.7 + Phusion Passenger 4.0.41
      Status:
      - 200 OK
      X-Powered-By:
      - Phusion Passenger 4.0.41
      X-Request-Id:
      - 59cc3697-3a47-499b-b354-5e06439e5cd6
      X-Runtime:
      - '0.175273'
      Content-Length:
      - '148'
      Connection:
      - keep-alive
    body:
      encoding: UTF-8
      string: '{"id":7,"name":"Admin Test Org","slug":"admin-test-org","url":"http://ohana-api-test.herokuapp.com/api/organizations/7","locations_url":"http://ohana-api-test.herokuapp.com/api/organizations/7/locations"}'
    http_version: 
  recorded_at: Thu, 29 May 2014 20:11:33 GMT
- request:
    method: patch
    uri: http://ohana-api-test.herokuapp.com/api/locations/21/address?api_token=Ohana-API-Admin-Test&city=fairfax&new&state=va&street=bozo&zip=12345
    body:
      encoding: UTF-8
      string: "{}"
    headers:
      Accept:
      - application/vnd.ohanapi-v1+json
      User-Agent:
      - Ohanakapa Ruby Gem 1.0.0
      X-Api-Token:
      - Ohana-API-Admin-Test
      Accept-Encoding:
      - gzip;q=1.0,deflate;q=0.6,identity;q=0.3
  response:
    status:
      code: 200
      message: OK
    headers:
      Cache-Control:
      - max-age=0, private, must-revalidate
      Content-Type:
      - application/json
      Date:
      - Thu, 29 May 2014 20:11:33 GMT
      Server:
      - nginx/1.4.7 + Phusion Passenger 4.0.41
      Status:
      - 200 OK
      X-Powered-By:
      - Phusion Passenger 4.0.41
      X-Request-Id:
      - 9bab2511-b44e-48f0-8698-1fc8f18fc611
      X-Runtime:
      - '0.090246'
      Content-Length:
      - '142'
      Connection:
      - keep-alive
    body:
      encoding: UTF-8
      string: '{"id":20,"location_id":21,"street":"bozo","city":"fairfax","state":"va","zip":"12345","created_at":"2014-04-18T12:32:12.937-07:00","updated_at":"2014-04-18T12:32:12.937-07:00"}'
    http_version: 
  recorded_at: Thu, 29 May 2014 20:11:33 GMT
- request:
    method: put
    uri: http://ohana-api-test.herokuapp.com/api/locations/21?accessibility%5B0%5D=restroom&admin_emails&api_token=Ohana-API-Admin-Test&description=This%20is%20a%20description&emails%5B0%5D=eml@example.org&hours=&name=Admin%20Test%20Location&short_desc=This%20is%20a%20short%20description&transportation=&urls%5B0%5D=http://codeforamerica.org
    body:
      encoding: UTF-8
      string: "{}"
    headers:
      Accept:
      - application/vnd.ohanapi-v1+json
      User-Agent:
      - Ohanakapa Ruby Gem 1.0.0
      X-Api-Token:
      - Ohana-API-Admin-Test
      Accept-Encoding:
      - gzip;q=1.0,deflate;q=0.6,identity;q=0.3
  response:
    status:
      code: 200
      message: OK
    headers:
      Cache-Control:
      - max-age=0, private, must-revalidate
      Content-Type:
      - application/json
      Date:
      - Thu, 29 May 2014 20:11:33 GMT
      Server:
      - nginx/1.4.7 + Phusion Passenger 4.0.41
      Status:
      - 200 OK
      X-Powered-By:
      - Phusion Passenger 4.0.41
      X-Request-Id:
      - 6af20ff4-2088-4730-8bbe-86afbf6a2f99
      X-Runtime:
      - '0.082260'
      Content-Length:
      - '612'
      Connection:
      - keep-alive
    body:
      encoding: UTF-8
      string: '{"id":21,"accessibility":["Disabled Restroom"],"address":{"id":20,"street":"bozo","city":"fairfax","state":"va","zip":"12345"},"contacts":[{"id":35,"name":"Moncef
        Belyamani-Belyamani","title":"Director of Development and Operations","phone":"703-555-1212","email":"moncefbelyamani@samaritanhousesanmateo.org","fax":"703-555-1234"}],"coordinates":[-73.9395687,42.8142432],"description":"This
        is a description","emails":["eml@example.org"],"faxes":[{"id":27,"number":"7035551212","department":"CalFresh"}],"name":"Admin
        Test Location","phones":[{"id":30,"department":"CalFresh","extension":"x1223","number":"7035551212","vanity_number":"703555-ABCD"}],"short_desc":"This
        is a short description","slug":"admin-test-location","updated_at":"2014-05-29T13:11:33.462-07:00","urls":["http://codeforamerica.org"],"url":"http://ohana-api-test.herokuapp.com/api/locations/21","services":[{"id":21,"service_areas":["Belmont"],"updated_at":"2014-05-09T22:12:07.536-07:00"}],"organization":{"id":7,"name":"Admin
        Test Org","slug":"admin-test-org","url":"http://ohana-api-test.herokuapp.com/api/organizations/7","locations_url":"http://ohana-api-test.herokuapp.com/api/organizations/7/locations"}}'
    http_version: 
  recorded_at: Thu, 29 May 2014 20:11:33 GMT
- request:
    method: patch
    uri: http://ohana-api-test.herokuapp.com/api/locations/21/contacts/35?api_token=Ohana-API-Admin-Test&email=moncefbelyamani@samaritanhousesanmateo.org&extension=&fax=703-555-1234&name=Moncef%20Belyamani-Belyamani&phone=703-555-1212&title=Director%20of%20Development%20and%20Operations
    body:
      encoding: UTF-8
      string: "{}"
    headers:
      Accept:
      - application/vnd.ohanapi-v1+json
      User-Agent:
      - Ohanakapa Ruby Gem 1.0.0
      X-Api-Token:
      - Ohana-API-Admin-Test
      Accept-Encoding:
      - gzip;q=1.0,deflate;q=0.6,identity;q=0.3
  response:
    status:
      code: 200
      message: OK
    headers:
      Cache-Control:
      - max-age=0, private, must-revalidate
      Content-Type:
      - application/json
      Date:
      - Thu, 29 May 2014 20:11:33 GMT
      Server:
      - nginx/1.4.7 + Phusion Passenger 4.0.41
      Status:
      - 200 OK
      X-Powered-By:
      - Phusion Passenger 4.0.41
      X-Request-Id:
      - 1f642c8b-9fb1-4b85-a5bf-c71c673f0189
      X-Runtime:
      - '0.052951'
      Content-Length:
      - '173'
      Connection:
      - keep-alive
    body:
      encoding: UTF-8
      string: '{"id":35,"name":"Moncef Belyamani-Belyamani","title":"Director of Development
        and Operations","phone":"703-555-1212","email":"moncefbelyamani@samaritanhousesanmateo.org","fax":"703-555-1234"}'
    http_version: 
  recorded_at: Thu, 29 May 2014 20:11:33 GMT
- request:
    method: patch
    uri: http://ohana-api-test.herokuapp.com/api/locations/21/faxes/27?api_token=Ohana-API-Admin-Test&department=CalFresh&number=7035551212
    body:
      encoding: UTF-8
      string: "{}"
    headers:
      Accept:
      - application/vnd.ohanapi-v1+json
      User-Agent:
      - Ohanakapa Ruby Gem 1.0.0
      X-Api-Token:
      - Ohana-API-Admin-Test
      Accept-Encoding:
      - gzip;q=1.0,deflate;q=0.6,identity;q=0.3
  response:
    status:
      code: 200
      message: OK
    headers:
      Cache-Control:
      - max-age=0, private, must-revalidate
      Content-Type:
      - application/json
      Date:
      - Thu, 29 May 2014 20:11:33 GMT
      Etag:
      - '"f209fbc679cc4ee59996e58144c88c29"'
      Server:
      - nginx/1.4.7 + Phusion Passenger 4.0.41
      Status:
      - 200 OK
      X-Powered-By:
      - Phusion Passenger 4.0.41
      X-Request-Id:
      - a8f44c7d-f80d-443f-8074-02eda282fe84
      X-Runtime:
      - '0.037445'
      Content-Length:
      - '55'
      Connection:
      - keep-alive
    body:
      encoding: UTF-8
      string: '{"id":27,"number":"7035551212","department":"CalFresh"}'
    http_version: 
  recorded_at: Thu, 29 May 2014 20:11:33 GMT
- request:
    method: patch
    uri: http://ohana-api-test.herokuapp.com/api/locations/21/phones/30?api_token=Ohana-API-Admin-Test&department=CalFresh&extension=x1223&hours=&number=7035551212&vanity_number=703555-ABCD
    body:
      encoding: UTF-8
      string: "{}"
    headers:
      Accept:
      - application/vnd.ohanapi-v1+json
      User-Agent:
      - Ohanakapa Ruby Gem 1.0.0
      X-Api-Token:
      - Ohana-API-Admin-Test
      Accept-Encoding:
      - gzip;q=1.0,deflate;q=0.6,identity;q=0.3
  response:
    status:
      code: 200
      message: OK
    headers:
      Cache-Control:
      - max-age=0, private, must-revalidate
      Content-Type:
      - application/json
      Date:
      - Thu, 29 May 2014 20:11:33 GMT
      Etag:
      - '"77d842b6dbde94498032a7df827c87b4"'
      Server:
      - nginx/1.4.7 + Phusion Passenger 4.0.41
      Status:
      - 200 OK
      X-Powered-By:
      - Phusion Passenger 4.0.41
      X-Request-Id:
      - 797b68f8-20d7-4ec0-996a-f6d1cd5d556f
      X-Runtime:
      - '0.041050'
      Content-Length:
      - '105'
      Connection:
      - keep-alive
    body:
      encoding: UTF-8
      string: '{"id":30,"department":"CalFresh","extension":"x1223","number":"7035551212","vanity_number":"703555-ABCD"}'
    http_version: 
  recorded_at: Thu, 29 May 2014 20:11:33 GMT
- request:
    method: put
    uri: http://ohana-api-test.herokuapp.com/api/services/21?api_token=Ohana-API-Admin-Test&audience=&eligibility=&fees=These%20are%20fees&how_to_apply=&keywords&service_areas%5B0%5D=Belmont&wait=
    body:
      encoding: UTF-8
      string: "{}"
    headers:
      Accept:
      - application/vnd.ohanapi-v1+json
      User-Agent:
      - Ohanakapa Ruby Gem 1.0.0
      X-Api-Token:
      - Ohana-API-Admin-Test
      Accept-Encoding:
      - gzip;q=1.0,deflate;q=0.6,identity;q=0.3
  response:
    status:
      code: 200
      message: OK
    headers:
      Cache-Control:
      - max-age=0, private, must-revalidate
      Content-Type:
      - application/json
      Date:
      - Thu, 29 May 2014 20:11:34 GMT
      Etag:
      - '"5b6fa1c3e5b180ea23815b784ab63142"'
      Server:
      - nginx/1.4.7 + Phusion Passenger 4.0.41
      Status:
      - 200 OK
      X-Powered-By:
      - Phusion Passenger 4.0.41
      X-Request-Id:
      - f5fdc60e-97c3-4795-a51e-b18e62e1502d
      X-Runtime:
      - '0.054461'
      Content-Length:
      - '106'
      Connection:
      - keep-alive
    body:
      encoding: UTF-8
      string: '{"id":21,"fees":"These are fees","service_areas":["Belmont"],"updated_at":"2014-05-29T13:11:34.102-07:00"}'
    http_version: 
  recorded_at: Thu, 29 May 2014 20:11:34 GMT
- request:
    method: put
    uri: http://ohana-api-test.herokuapp.com/api/services/21/categories?api_token=Ohana-API-Admin-Test&category_slugs
    body:
      encoding: UTF-8
      string: "{}"
    headers:
      Accept:
      - application/vnd.ohanapi-v1+json
      User-Agent:
      - Ohanakapa Ruby Gem 1.0.0
      X-Api-Token:
      - Ohana-API-Admin-Test
      Accept-Encoding:
      - gzip;q=1.0,deflate;q=0.6,identity;q=0.3
  response:
    status:
      code: 200
      message: OK
    headers:
      Cache-Control:
      - max-age=0, private, must-revalidate
      Content-Type:
      - application/json
      Date:
      - Thu, 29 May 2014 20:11:34 GMT
      Etag:
      - '"28027561151a697e4f71657909c0efcc"'
      Server:
      - nginx/1.4.7 + Phusion Passenger 4.0.41
      Status:
      - 200 OK
      X-Powered-By:
      - Phusion Passenger 4.0.41
      X-Request-Id:
      - 4374a4f3-515b-41ac-ab19-bacb91c37a88
      X-Runtime:
      - '0.085688'
      Content-Length:
      - '106'
      Connection:
      - keep-alive
    body:
      encoding: UTF-8
      string: '{"id":21,"fees":"These are fees","service_areas":["Belmont"],"updated_at":"2014-05-29T13:11:34.259-07:00"}'
    http_version: 
  recorded_at: Thu, 29 May 2014 20:11:34 GMT
- request:
    method: get
    uri: http://ohana-api-test.herokuapp.com/api/locations/21?api_token=Ohana-API-Admin-Test
    body:
      encoding: US-ASCII
      string: ''
    headers:
      Accept:
      - application/vnd.ohanapi-v1+json
      User-Agent:
      - Ohanakapa Ruby Gem 1.0.0
      X-Api-Token:
      - Ohana-API-Admin-Test
      Accept-Encoding:
      - gzip;q=1.0,deflate;q=0.6,identity;q=0.3
  response:
    status:
      code: 200
      message: OK
    headers:
      Cache-Control:
      - max-age=0, private, must-revalidate
      Content-Type:
      - application/json
      Date:
      - Thu, 29 May 2014 20:11:34 GMT
      Server:
      - nginx/1.4.7 + Phusion Passenger 4.0.41
      Status:
      - 200 OK
      X-Powered-By:
      - Phusion Passenger 4.0.41
      X-Request-Id:
      - c476b2ef-a8cd-4eba-8be9-26c5bdcaa1ce
      X-Runtime:
      - '0.047871'
      Content-Length:
      - '613'
      Connection:
      - keep-alive
    body:
      encoding: UTF-8
      string: '{"id":21,"accessibility":["Disabled Restroom"],"address":{"id":20,"street":"bozo","city":"fairfax","state":"va","zip":"12345"},"contacts":[{"id":35,"name":"Moncef
        Belyamani-Belyamani","title":"Director of Development and Operations","phone":"703-555-1212","email":"moncefbelyamani@samaritanhousesanmateo.org","fax":"703-555-1234"}],"coordinates":[-73.9395687,42.8142432],"description":"This
        is a description","emails":["eml@example.org"],"faxes":[{"id":27,"number":"7035551212","department":"CalFresh"}],"name":"Admin
        Test Location","phones":[{"id":30,"department":"CalFresh","extension":"x1223","number":"7035551212","vanity_number":"703555-ABCD"}],"short_desc":"This
        is a short description","slug":"admin-test-location","updated_at":"2014-05-29T13:11:34.269-07:00","urls":["http://codeforamerica.org"],"url":"http://ohana-api-test.herokuapp.com/api/locations/21","services":[{"id":21,"fees":"These
        are fees","service_areas":["Belmont"],"updated_at":"2014-05-29T13:11:34.259-07:00"}],"organization":{"id":7,"name":"Admin
        Test Org","slug":"admin-test-org","url":"http://ohana-api-test.herokuapp.com/api/organizations/7","locations_url":"http://ohana-api-test.herokuapp.com/api/organizations/7/locations"}}'
    http_version: 
  recorded_at: Thu, 29 May 2014 20:11:34 GMT
- request:
    method: get
    uri: http://ohana-api-test.herokuapp.com/api/locations/admin-test-location?api_token=Ohana-API-Admin-Test
    body:
      encoding: US-ASCII
      string: ''
    headers:
      Accept:
      - application/vnd.ohanapi-v1+json
      User-Agent:
      - Ohanakapa Ruby Gem 1.0.0
      X-Api-Token:
      - Ohana-API-Admin-Test
      Accept-Encoding:
      - gzip;q=1.0,deflate;q=0.6,identity;q=0.3
  response:
    status:
      code: 200
      message: OK
    headers:
      Cache-Control:
      - max-age=0, private, must-revalidate
      Content-Type:
      - application/json
      Date:
      - Thu, 29 May 2014 20:11:34 GMT
      Server:
      - nginx/1.4.7 + Phusion Passenger 4.0.41
      Status:
      - 200 OK
      X-Powered-By:
      - Phusion Passenger 4.0.41
      X-Request-Id:
      - 9589e275-9180-4725-9d39-30f1a3cf81e3
      X-Runtime:
      - '0.045832'
      Transfer-Encoding:
      - chunked
      Connection:
      - keep-alive
    body:
      encoding: UTF-8
      string: '{"id":21,"accessibility":["Disabled Restroom"],"address":{"id":20,"street":"bozo","city":"fairfax","state":"va","zip":"12345"},"contacts":[{"id":35,"name":"Moncef
        Belyamani-Belyamani","title":"Director of Development and Operations","phone":"703-555-1212","email":"moncefbelyamani@samaritanhousesanmateo.org","fax":"703-555-1234"}],"coordinates":[-73.9395687,42.8142432],"description":"This
        is a description","emails":["eml@example.org"],"faxes":[{"id":27,"number":"7035551212","department":"CalFresh"}],"name":"Admin
        Test Location","phones":[{"id":30,"department":"CalFresh","extension":"x1223","number":"7035551212","vanity_number":"703555-ABCD"}],"short_desc":"This
        is a short description","slug":"admin-test-location","updated_at":"2014-05-29T13:11:34.269-07:00","urls":["http://codeforamerica.org"],"url":"http://ohana-api-test.herokuapp.com/api/locations/21","services":[{"id":21,"fees":"These
        are fees","service_areas":["Belmont"],"updated_at":"2014-05-29T13:11:34.259-07:00"}],"organization":{"id":7,"name":"Admin
        Test Org","slug":"admin-test-org","url":"http://ohana-api-test.herokuapp.com/api/organizations/7","locations_url":"http://ohana-api-test.herokuapp.com/api/organizations/7/locations"}}'
    http_version: 
  recorded_at: Thu, 29 May 2014 20:11:34 GMT
- request:
    method: put
    uri: http://ohana-api-test.herokuapp.com/api/organizations/7?api_token=Ohana-API-Admin-Test&name=Admin%20Test%20Org
    body:
      encoding: UTF-8
      string: "{}"
    headers:
      Accept:
      - application/vnd.ohanapi-v1+json
      User-Agent:
      - Ohanakapa Ruby Gem 1.0.0
      X-Api-Token:
      - Ohana-API-Admin-Test
      Accept-Encoding:
      - gzip;q=1.0,deflate;q=0.6,identity;q=0.3
  response:
    status:
      code: 200
      message: OK
    headers:
      Cache-Control:
      - max-age=0, private, must-revalidate
      Content-Type:
      - application/json
      Date:
      - Thu, 29 May 2014 20:11:35 GMT
      Server:
      - nginx/1.4.7 + Phusion Passenger 4.0.41
      Status:
      - 200 OK
      X-Powered-By:
      - Phusion Passenger 4.0.41
      X-Request-Id:
      - 2d0a93cb-e639-4797-bd87-63418b3bb92c
      X-Runtime:
      - '0.053019'
      Content-Length:
      - '148'
      Connection:
      - keep-alive
    body:
      encoding: UTF-8
      string: '{"id":7,"name":"Admin Test Org","slug":"admin-test-org","url":"http://ohana-api-test.herokuapp.com/api/organizations/7","locations_url":"http://ohana-api-test.herokuapp.com/api/organizations/7/locations"}'
    http_version: 
  recorded_at: Thu, 29 May 2014 20:11:35 GMT
- request:
    method: patch
    uri: http://ohana-api-test.herokuapp.com/api/locations/21/address?api_token=Ohana-API-Admin-Test&city=fairfax&new&state=va&street=bozo&zip=12345
    body:
      encoding: UTF-8
      string: "{}"
    headers:
      Accept:
      - application/vnd.ohanapi-v1+json
      User-Agent:
      - Ohanakapa Ruby Gem 1.0.0
      X-Api-Token:
      - Ohana-API-Admin-Test
      Accept-Encoding:
      - gzip;q=1.0,deflate;q=0.6,identity;q=0.3
  response:
    status:
      code: 200
      message: OK
    headers:
      Cache-Control:
      - max-age=0, private, must-revalidate
      Content-Type:
      - application/json
      Date:
      - Thu, 29 May 2014 20:11:35 GMT
      Server:
      - nginx/1.4.7 + Phusion Passenger 4.0.41
      Status:
      - 200 OK
      X-Powered-By:
      - Phusion Passenger 4.0.41
      X-Request-Id:
      - aa4b098f-9e4e-4f03-be05-1351bd976597
      X-Runtime:
      - '0.042865'
      Content-Length:
      - '148'
      Connection:
      - keep-alive
    body:
      encoding: UTF-8
      string: '{"id":20,"location_id":21,"street":"bozo","city":"fairfax","state":"va","zip":"12345","created_at":"2014-04-18T12:32:12.937-07:00","updated_at":"2014-04-18T12:32:12.937-07:00"}'
    http_version: 
  recorded_at: Thu, 29 May 2014 20:11:35 GMT
- request:
    method: put
    uri: http://ohana-api-test.herokuapp.com/api/locations/21?accessibility%5B0%5D=restroom&admin_emails&api_token=Ohana-API-Admin-Test&description=This%20is%20a%20description&emails%5B0%5D=eml@example.org&hours=&name=Admin%20Test%20Location&short_desc=This%20is%20a%20short%20description&transportation=&urls%5B0%5D=http://codeforamerica.org
    body:
      encoding: UTF-8
      string: "{}"
    headers:
      Accept:
      - application/vnd.ohanapi-v1+json
      User-Agent:
      - Ohanakapa Ruby Gem 1.0.0
      X-Api-Token:
      - Ohana-API-Admin-Test
      Accept-Encoding:
      - gzip;q=1.0,deflate;q=0.6,identity;q=0.3
  response:
    status:
      code: 200
      message: OK
    headers:
      Cache-Control:
      - max-age=0, private, must-revalidate
      Content-Type:
      - application/json
      Date:
      - Thu, 29 May 2014 20:11:35 GMT
      Server:
      - nginx/1.4.7 + Phusion Passenger 4.0.41
      Status:
      - 200 OK
      X-Powered-By:
      - Phusion Passenger 4.0.41
      X-Request-Id:
      - d508e68b-fb22-44f6-88af-d7e369bb8dfe
      X-Runtime:
      - '0.072057'
      Content-Length:
      - '609'
      Connection:
      - keep-alive
    body:
      encoding: UTF-8
      string: '{"id":21,"accessibility":["Disabled Restroom"],"address":{"id":20,"street":"bozo","city":"fairfax","state":"va","zip":"12345"},"contacts":[{"id":35,"name":"Moncef
        Belyamani-Belyamani","title":"Director of Development and Operations","phone":"703-555-1212","email":"moncefbelyamani@samaritanhousesanmateo.org","fax":"703-555-1234"}],"coordinates":[-73.9395687,42.8142432],"description":"This
        is a description","emails":["eml@example.org"],"faxes":[{"id":27,"number":"7035551212","department":"CalFresh"}],"name":"Admin
        Test Location","phones":[{"id":30,"department":"CalFresh","extension":"x1223","number":"7035551212","vanity_number":"703555-ABCD"}],"short_desc":"This
        is a short description","slug":"admin-test-location","updated_at":"2014-05-29T13:11:35.937-07:00","urls":["http://codeforamerica.org"],"url":"http://ohana-api-test.herokuapp.com/api/locations/21","services":[{"id":21,"fees":"These
        are fees","service_areas":["Belmont"],"updated_at":"2014-05-29T13:11:34.259-07:00"}],"organization":{"id":7,"name":"Admin
        Test Org","slug":"admin-test-org","url":"http://ohana-api-test.herokuapp.com/api/organizations/7","locations_url":"http://ohana-api-test.herokuapp.com/api/organizations/7/locations"}}'
    http_version: 
  recorded_at: Thu, 29 May 2014 20:11:35 GMT
- request:
    method: patch
    uri: http://ohana-api-test.herokuapp.com/api/locations/21/contacts/35?api_token=Ohana-API-Admin-Test&email=moncefbelyamani@samaritanhousesanmateo.org&extension=&fax=703-555-1234&name=Moncef%20Belyamani-Belyamani&phone=703-555-1212&title=Director%20of%20Development%20and%20Operations
    body:
      encoding: UTF-8
      string: "{}"
    headers:
      Accept:
      - application/vnd.ohanapi-v1+json
      User-Agent:
      - Ohanakapa Ruby Gem 1.0.0
      X-Api-Token:
      - Ohana-API-Admin-Test
      Accept-Encoding:
      - gzip;q=1.0,deflate;q=0.6,identity;q=0.3
  response:
    status:
      code: 200
      message: OK
    headers:
      Cache-Control:
      - max-age=0, private, must-revalidate
      Content-Type:
      - application/json
      Date:
      - Thu, 29 May 2014 20:11:36 GMT
      Server:
      - nginx/1.4.7 + Phusion Passenger 4.0.41
      Status:
      - 200 OK
      X-Powered-By:
      - Phusion Passenger 4.0.41
      X-Request-Id:
      - 2fdb45ac-d804-4287-aff1-da8e89931ddf
      X-Runtime:
      - '0.054544'
      Content-Length:
      - '173'
      Connection:
      - keep-alive
    body:
      encoding: UTF-8
      string: '{"id":35,"name":"Moncef Belyamani-Belyamani","title":"Director of Development
        and Operations","phone":"703-555-1212","email":"moncefbelyamani@samaritanhousesanmateo.org","fax":"703-555-1234"}'
    http_version: 
  recorded_at: Thu, 29 May 2014 20:11:36 GMT
- request:
    method: patch
    uri: http://ohana-api-test.herokuapp.com/api/locations/21/faxes/27?api_token=Ohana-API-Admin-Test&department=CalFresh&number=7035551212
    body:
      encoding: UTF-8
      string: "{}"
    headers:
      Accept:
      - application/vnd.ohanapi-v1+json
      User-Agent:
      - Ohanakapa Ruby Gem 1.0.0
      X-Api-Token:
      - Ohana-API-Admin-Test
      Accept-Encoding:
      - gzip;q=1.0,deflate;q=0.6,identity;q=0.3
  response:
    status:
      code: 200
      message: OK
    headers:
      Cache-Control:
      - max-age=0, private, must-revalidate
      Content-Type:
      - application/json
      Date:
      - Thu, 29 May 2014 20:11:36 GMT
      Etag:
      - '"f209fbc679cc4ee59996e58144c88c29"'
      Server:
      - nginx/1.4.7 + Phusion Passenger 4.0.41
      Status:
      - 200 OK
      X-Powered-By:
      - Phusion Passenger 4.0.41
      X-Request-Id:
      - ce849bea-8fe4-40fc-a053-612ba59afa04
      X-Runtime:
      - '0.032238'
      Content-Length:
      - '55'
      Connection:
      - keep-alive
    body:
      encoding: UTF-8
      string: '{"id":27,"number":"7035551212","department":"CalFresh"}'
    http_version: 
  recorded_at: Thu, 29 May 2014 20:11:36 GMT
- request:
    method: patch
    uri: http://ohana-api-test.herokuapp.com/api/locations/21/phones/30?api_token=Ohana-API-Admin-Test&department=CalFresh&extension=x1223&hours=&number=7035551212&vanity_number=703555-ABCD
    body:
      encoding: UTF-8
      string: "{}"
    headers:
      Accept:
      - application/vnd.ohanapi-v1+json
      User-Agent:
      - Ohanakapa Ruby Gem 1.0.0
      X-Api-Token:
      - Ohana-API-Admin-Test
      Accept-Encoding:
      - gzip;q=1.0,deflate;q=0.6,identity;q=0.3
  response:
    status:
      code: 200
      message: OK
    headers:
      Cache-Control:
      - max-age=0, private, must-revalidate
      Content-Type:
      - application/json
      Date:
      - Thu, 29 May 2014 20:11:36 GMT
      Etag:
      - '"77d842b6dbde94498032a7df827c87b4"'
      Server:
      - nginx/1.4.7 + Phusion Passenger 4.0.41
      Status:
      - 200 OK
      X-Powered-By:
      - Phusion Passenger 4.0.41
      X-Request-Id:
      - bf7eada8-86ee-4bca-a7a5-b20631a7ad58
      X-Runtime:
      - '0.032457'
      Content-Length:
      - '105'
      Connection:
      - keep-alive
    body:
      encoding: UTF-8
      string: '{"id":30,"department":"CalFresh","extension":"x1223","number":"7035551212","vanity_number":"703555-ABCD"}'
    http_version: 
  recorded_at: Thu, 29 May 2014 20:11:36 GMT
- request:
    method: put
    uri: http://ohana-api-test.herokuapp.com/api/services/21?api_token=Ohana-API-Admin-Test&audience=&eligibility=&fees=&how_to_apply=&keywords&service_areas%5B0%5D=Belmont&wait=
    body:
      encoding: UTF-8
      string: "{}"
    headers:
      Accept:
      - application/vnd.ohanapi-v1+json
      User-Agent:
      - Ohanakapa Ruby Gem 1.0.0
      X-Api-Token:
      - Ohana-API-Admin-Test
      Accept-Encoding:
      - gzip;q=1.0,deflate;q=0.6,identity;q=0.3
  response:
    status:
      code: 200
      message: OK
    headers:
      Cache-Control:
      - max-age=0, private, must-revalidate
      Content-Type:
      - application/json
      Date:
      - Thu, 29 May 2014 20:11:36 GMT
      Etag:
      - '"e5cd05edd8531d2df6fc873f70778b30"'
      Server:
      - nginx/1.4.7 + Phusion Passenger 4.0.41
      Status:
      - 200 OK
      X-Powered-By:
      - Phusion Passenger 4.0.41
      X-Request-Id:
      - 81c20a4d-61ad-4e06-bc78-5991750e7510
      X-Runtime:
      - '0.046326'
      Content-Length:
      - '82'
      Connection:
      - keep-alive
    body:
      encoding: UTF-8
      string: '{"id":21,"service_areas":["Belmont"],"updated_at":"2014-05-29T13:11:36.308-07:00"}'
    http_version: 
  recorded_at: Thu, 29 May 2014 20:11:36 GMT
- request:
    method: put
    uri: http://ohana-api-test.herokuapp.com/api/services/21/categories?api_token=Ohana-API-Admin-Test&category_slugs
    body:
      encoding: UTF-8
      string: "{}"
    headers:
      Accept:
      - application/vnd.ohanapi-v1+json
      User-Agent:
      - Ohanakapa Ruby Gem 1.0.0
      X-Api-Token:
      - Ohana-API-Admin-Test
      Accept-Encoding:
      - gzip;q=1.0,deflate;q=0.6,identity;q=0.3
  response:
    status:
      code: 200
      message: OK
    headers:
      Cache-Control:
      - max-age=0, private, must-revalidate
      Content-Type:
      - application/json
      Date:
      - Thu, 29 May 2014 20:11:36 GMT
      Etag:
      - '"b538e9b2deb71bf1620cb7c78aea5353"'
      Server:
      - nginx/1.4.7 + Phusion Passenger 4.0.41
      Status:
      - 200 OK
      X-Powered-By:
      - Phusion Passenger 4.0.41
      X-Request-Id:
      - 0f11c851-a7d1-414f-ab32-4c740715dd50
      X-Runtime:
      - '0.054289'
      Content-Length:
      - '82'
      Connection:
      - keep-alive
    body:
      encoding: UTF-8
      string: '{"id":21,"service_areas":["Belmont"],"updated_at":"2014-05-29T13:11:36.503-07:00"}'
    http_version: 
  recorded_at: Thu, 29 May 2014 20:11:36 GMT
- request:
    method: get
    uri: http://ohana-api-test.herokuapp.com/api/locations/21?api_token=Ohana-API-Admin-Test
    body:
      encoding: US-ASCII
      string: ''
    headers:
      Accept:
      - application/vnd.ohanapi-v1+json
      User-Agent:
      - Ohanakapa Ruby Gem 1.0.0
      X-Api-Token:
      - Ohana-API-Admin-Test
      Accept-Encoding:
      - gzip;q=1.0,deflate;q=0.6,identity;q=0.3
  response:
    status:
      code: 200
      message: OK
    headers:
      Cache-Control:
      - max-age=0, private, must-revalidate
      Content-Type:
      - application/json
      Date:
      - Thu, 29 May 2014 20:11:36 GMT
      Server:
      - nginx/1.4.7 + Phusion Passenger 4.0.41
      Status:
      - 200 OK
      X-Powered-By:
      - Phusion Passenger 4.0.41
      X-Request-Id:
      - 7d082cd3-8a69-48c6-a547-2021b74913a4
      X-Runtime:
      - '0.066882'
      Content-Length:
      - '598'
      Connection:
      - keep-alive
    body:
      encoding: UTF-8
      string: '{"id":21,"accessibility":["Disabled Restroom"],"address":{"id":20,"street":"bozo","city":"fairfax","state":"va","zip":"12345"},"contacts":[{"id":35,"name":"Moncef
        Belyamani-Belyamani","title":"Director of Development and Operations","phone":"703-555-1212","email":"moncefbelyamani@samaritanhousesanmateo.org","fax":"703-555-1234"}],"coordinates":[-73.9395687,42.8142432],"description":"This
        is a description","emails":["eml@example.org"],"faxes":[{"id":27,"number":"7035551212","department":"CalFresh"}],"name":"Admin
        Test Location","phones":[{"id":30,"department":"CalFresh","extension":"x1223","number":"7035551212","vanity_number":"703555-ABCD"}],"short_desc":"This
        is a short description","slug":"admin-test-location","updated_at":"2014-05-29T13:11:36.513-07:00","urls":["http://codeforamerica.org"],"url":"http://ohana-api-test.herokuapp.com/api/locations/21","services":[{"id":21,"service_areas":["Belmont"],"updated_at":"2014-05-29T13:11:36.503-07:00"}],"organization":{"id":7,"name":"Admin
        Test Org","slug":"admin-test-org","url":"http://ohana-api-test.herokuapp.com/api/organizations/7","locations_url":"http://ohana-api-test.herokuapp.com/api/organizations/7/locations"}}'
    http_version: 
  recorded_at: Thu, 29 May 2014 20:11:36 GMT
- request:
    method: get
    uri: http://ohana-api-test.herokuapp.com/api/locations/admin-test-location?api_token=Ohana-API-Admin-Test
    body:
      encoding: US-ASCII
      string: ''
    headers:
      Accept:
      - application/vnd.ohanapi-v1+json
      User-Agent:
      - Ohanakapa Ruby Gem 1.0.0
      X-Api-Token:
      - Ohana-API-Admin-Test
      Accept-Encoding:
      - gzip;q=1.0,deflate;q=0.6,identity;q=0.3
  response:
    status:
      code: 200
      message: OK
    headers:
      Cache-Control:
      - max-age=0, private, must-revalidate
      Content-Type:
      - application/json
      Date:
      - Thu, 29 May 2014 20:11:36 GMT
      Server:
      - nginx/1.4.7 + Phusion Passenger 4.0.41
      Status:
      - 200 OK
      X-Powered-By:
      - Phusion Passenger 4.0.41
      X-Request-Id:
      - 6d0ad927-a13c-41e4-b617-c2f274619fa5
      X-Runtime:
      - '0.070609'
      Content-Length:
      - '604'
      Connection:
      - keep-alive
    body:
      encoding: UTF-8
      string: '{"id":21,"accessibility":["Disabled Restroom"],"address":{"id":20,"street":"bozo","city":"fairfax","state":"va","zip":"12345"},"contacts":[{"id":35,"name":"Moncef
        Belyamani-Belyamani","title":"Director of Development and Operations","phone":"703-555-1212","email":"moncefbelyamani@samaritanhousesanmateo.org","fax":"703-555-1234"}],"coordinates":[-73.9395687,42.8142432],"description":"This
        is a description","emails":["eml@example.org"],"faxes":[{"id":27,"number":"7035551212","department":"CalFresh"}],"name":"Admin
        Test Location","phones":[{"id":30,"department":"CalFresh","extension":"x1223","number":"7035551212","vanity_number":"703555-ABCD"}],"short_desc":"This
        is a short description","slug":"admin-test-location","updated_at":"2014-05-29T13:11:36.513-07:00","urls":["http://codeforamerica.org"],"url":"http://ohana-api-test.herokuapp.com/api/locations/21","services":[{"id":21,"service_areas":["Belmont"],"updated_at":"2014-05-29T13:11:36.503-07:00"}],"organization":{"id":7,"name":"Admin
        Test Org","slug":"admin-test-org","url":"http://ohana-api-test.herokuapp.com/api/organizations/7","locations_url":"http://ohana-api-test.herokuapp.com/api/organizations/7/locations"}}'
    http_version: 
  recorded_at: Thu, 29 May 2014 20:11:36 GMT
recorded_with: VCR 2.9.2
